Component: Arm Compiler for Embedded 6.23 Tool: armlink [5f102400]

==============================================================================

Section Cross References

    startup_stm32h723xx.o(STACK) refers (Special) to heapauxi.o(.text) for __use_two_region_memory
    startup_stm32h723xx.o(HEAP) refers (Special) to heapauxi.o(.text) for __use_two_region_memory
    startup_stm32h723xx.o(RESET) refers (Special) to heapauxi.o(.text) for __use_two_region_memory
    startup_stm32h723xx.o(RESET) refers to startup_stm32h723xx.o(STACK) for __initial_sp
    startup_stm32h723xx.o(RESET) refers to startup_stm32h723xx.o(.text) for Reset_Handler
    startup_stm32h723xx.o(RESET) refers to stm32h7xx_it.o(.text.NMI_Handler) for NMI_Handler
    startup_stm32h723xx.o(RESET) refers to stm32h7xx_it.o(.text.HardFault_Handler) for HardFault_Handler
    startup_stm32h723xx.o(RESET) refers to stm32h7xx_it.o(.text.MemManage_Handler) for MemManage_Handler
    startup_stm32h723xx.o(RESET) refers to stm32h7xx_it.o(.text.BusFault_Handler) for BusFault_Handler
    startup_stm32h723xx.o(RESET) refers to stm32h7xx_it.o(.text.UsageFault_Handler) for UsageFault_Handler
    startup_stm32h723xx.o(RESET) refers to stm32h7xx_it.o(.text.SVC_Handler) for SVC_Handler
    startup_stm32h723xx.o(RESET) refers to stm32h7xx_it.o(.text.DebugMon_Handler) for DebugMon_Handler
    startup_stm32h723xx.o(RESET) refers to stm32h7xx_it.o(.text.PendSV_Handler) for PendSV_Handler
    startup_stm32h723xx.o(RESET) refers to stm32h7xx_it.o(.text.SysTick_Handler) for SysTick_Handler
    startup_stm32h723xx.o(RESET) refers to stm32h7xx_it.o(.text.DMA1_Stream0_IRQHandler) for DMA1_Stream0_IRQHandler
    startup_stm32h723xx.o(RESET) refers to stm32h7xx_it.o(.text.DMA1_Stream1_IRQHandler) for DMA1_Stream1_IRQHandler
    startup_stm32h723xx.o(RESET) refers to stm32h7xx_it.o(.text.DMA1_Stream2_IRQHandler) for DMA1_Stream2_IRQHandler
    startup_stm32h723xx.o(RESET) refers to stm32h7xx_it.o(.text.DMA1_Stream3_IRQHandler) for DMA1_Stream3_IRQHandler
    startup_stm32h723xx.o(RESET) refers to stm32h7xx_it.o(.text.DMA1_Stream4_IRQHandler) for DMA1_Stream4_IRQHandler
    startup_stm32h723xx.o(RESET) refers to stm32h7xx_it.o(.text.DMA1_Stream5_IRQHandler) for DMA1_Stream5_IRQHandler
    startup_stm32h723xx.o(RESET) refers to stm32h7xx_it.o(.text.DMA1_Stream6_IRQHandler) for DMA1_Stream6_IRQHandler
    startup_stm32h723xx.o(RESET) refers to stm32h7xx_it.o(.text.FDCAN1_IT0_IRQHandler) for FDCAN1_IT0_IRQHandler
    startup_stm32h723xx.o(RESET) refers to stm32h7xx_it.o(.text.FDCAN2_IT0_IRQHandler) for FDCAN2_IT0_IRQHandler
    startup_stm32h723xx.o(RESET) refers to stm32h7xx_it.o(.text.FDCAN1_IT1_IRQHandler) for FDCAN1_IT1_IRQHandler
    startup_stm32h723xx.o(RESET) refers to stm32h7xx_it.o(.text.FDCAN2_IT1_IRQHandler) for FDCAN2_IT1_IRQHandler
    startup_stm32h723xx.o(RESET) refers to stm32h7xx_it.o(.text.SPI2_IRQHandler) for SPI2_IRQHandler
    startup_stm32h723xx.o(RESET) refers to stm32h7xx_it.o(.text.USART1_IRQHandler) for USART1_IRQHandler
    startup_stm32h723xx.o(RESET) refers to stm32h7xx_it.o(.text.USART2_IRQHandler) for USART2_IRQHandler
    startup_stm32h723xx.o(RESET) refers to stm32h7xx_it.o(.text.USART3_IRQHandler) for USART3_IRQHandler
    startup_stm32h723xx.o(RESET) refers to stm32h7xx_it.o(.text.TIM8_UP_TIM13_IRQHandler) for TIM8_UP_TIM13_IRQHandler
    startup_stm32h723xx.o(RESET) refers to stm32h7xx_it.o(.text.DMA1_Stream7_IRQHandler) for DMA1_Stream7_IRQHandler
    startup_stm32h723xx.o(RESET) refers to stm32h7xx_it.o(.text.UART5_IRQHandler) for UART5_IRQHandler
    startup_stm32h723xx.o(RESET) refers to stm32h7xx_it.o(.text.TIM7_IRQHandler) for TIM7_IRQHandler
    startup_stm32h723xx.o(RESET) refers to stm32h7xx_it.o(.text.DMA2_Stream0_IRQHandler) for DMA2_Stream0_IRQHandler
    startup_stm32h723xx.o(RESET) refers to stm32h7xx_it.o(.text.DMA2_Stream1_IRQHandler) for DMA2_Stream1_IRQHandler
    startup_stm32h723xx.o(RESET) refers to stm32h7xx_it.o(.text.DMA2_Stream2_IRQHandler) for DMA2_Stream2_IRQHandler
    startup_stm32h723xx.o(RESET) refers to stm32h7xx_it.o(.text.DMA2_Stream3_IRQHandler) for DMA2_Stream3_IRQHandler
    startup_stm32h723xx.o(RESET) refers to stm32h7xx_it.o(.text.DMA2_Stream4_IRQHandler) for DMA2_Stream4_IRQHandler
    startup_stm32h723xx.o(RESET) refers to stm32h7xx_it.o(.text.DMA2_Stream5_IRQHandler) for DMA2_Stream5_IRQHandler
    startup_stm32h723xx.o(RESET) refers to stm32h7xx_it.o(.text.DMA2_Stream6_IRQHandler) for DMA2_Stream6_IRQHandler
    startup_stm32h723xx.o(RESET) refers to stm32h7xx_it.o(.text.OTG_HS_IRQHandler) for OTG_HS_IRQHandler
    startup_stm32h723xx.o(RESET) refers to stm32h7xx_it.o(.text.UART7_IRQHandler) for UART7_IRQHandler
    startup_stm32h723xx.o(RESET) refers to stm32h7xx_it.o(.text.BDMA_Channel0_IRQHandler) for BDMA_Channel0_IRQHandler
    startup_stm32h723xx.o(RESET) refers to stm32h7xx_it.o(.text.USART10_IRQHandler) for USART10_IRQHandler
[...]
    0x08000938   0x08000938   0x00000010   Code   RO          200    .text.DMA1_Stream0_IRQHandler  stm32h7xx_it.o
    0x08000948   0x08000948   0x00000010   Code   RO          202    .text.DMA1_Stream1_IRQHandler  stm32h7xx_it.o
    0x08000958   0x08000958   0x00000010   Code   RO          204    .text.DMA1_Stream2_IRQHandler  stm32h7xx_it.o
    0x08000968   0x08000968   0x00000010   Code   RO          206    .text.DMA1_Stream3_IRQHandler  stm32h7xx_it.o
    0x08000978   0x08000978   0x00000010   Code   RO          208    .text.DMA1_Stream4_IRQHandler  stm32h7xx_it.o
    0x08000988   0x08000988   0x00000010   Code   RO          210    .text.DMA1_Stream5_IRQHandler  stm32h7xx_it.o
    0x08000998   0x08000998   0x00000010   Code   RO          212    .text.DMA1_Stream6_IRQHandler  stm32h7xx_it.o
    0x080009a8   0x080009a8   0x00000010   Code   RO          232    .text.DMA1_Stream7_IRQHandler  stm32h7xx_it.o
    0x080009b8   0x080009b8   0x00000010   Code   RO          238    .text.DMA2_Stream0_IRQHandler  stm32h7xx_it.o
    0x080009c8   0x080009c8   0x00000010   Code   RO          240    .text.DMA2_Stream1_IRQHandler  stm32h7xx_it.o
    0x080009d8   0x080009d8   0x00000010   Code   RO          242    .text.DMA2_Stream2_IRQHandler  stm32h7xx_it.o
    0x080009e8   0x080009e8   0x00000010   Code   RO          244    .text.DMA2_Stream3_IRQHandler  stm32h7xx_it.o
    0x080009f8   0x080009f8   0x00000010   Code   RO          246    .text.DMA2_Stream4_IRQHandler  stm32h7xx_it.o
    0x08000a08   0x08000a08   0x00000010   Code   RO          248    .text.DMA2_Stream5_IRQHandler  stm32h7xx_it.o
    0x08000a18   0x08000a18   0x00000010   Code   RO          250    .text.DMA2_Stream6_IRQHandler  stm32h7xx_it.o
    0x08000a28   0x08000a28   0x000001ca   Code   RO          883    .text.DMA_CalcBaseAndBitshift  stm32h7xx_hal_dma.o
    0x08000bf2   0x08000bf2   0x00000006   PAD
    0x08000bf8   0x08000bf8   0x00000178   Code   RO          885    .text.DMA_CalcDMAMUXChannelBaseAndMask  stm32h7xx_hal_dma.o
    0x08000d70   0x08000d70   0x0000012a   Code   RO          887    .text.DMA_CalcDMAMUXRequestGenBaseAndMask  stm32h7xx_hal_dma.o
    0x08000e9a   0x08000e9a   0x00000006   PAD
    0x08000ea0   0x08000ea0   0x000000f0   Code   RO          881    .text.DMA_CheckFifoParam  stm32h7xx_hal_dma.o
    0x08000f90   0x08000f90   0x00000514   Code   RO          893    .text.DMA_SetConfig  stm32h7xx_hal_dma.o
    0x080014a4   0x080014a4   0x00000004   PAD
    0x080014a8   0x080014a8   0x00000002   Code   RO          194    .text.DebugMon_Handler  stm32h7xx_it.o
    0x080014aa   0x080014aa   0x00000006   PAD
    0x080014b0   0x080014b0   0x0000000e   Code   RO           19    .text.Error_Handler  main.o
    0x080014be   0x080014be   0x00000002   PAD
    0x080014c0   0x080014c0   0x00000010   Code   RO          214    .text.FDCAN1_IT0_IRQHandler  stm32h7xx_it.o
    0x080014d0   0x080014d0   0x00000010   Code   RO          218    .text.FDCAN1_IT1_IRQHandler  stm32h7xx_it.o
    0x080014e0   0x080014e0   0x00000010   Code   RO          216    .text.FDCAN2_IT0_IRQHandler  stm32h7xx_it.o
    0x080014f0   0x080014f0   0x00000010   Code   RO          220    .text.FDCAN2_IT1_IRQHandler  stm32h7xx_it.o
    0x08001500   0x08001500   0x00000010   Code   RO          260    .text.FDCAN3_IT0_IRQHandler  stm32h7xx_it.o
    0x08001510   0x08001510   0x00000010   Code   RO          262    .text.FDCAN3_IT1_IRQHandler  stm32h7xx_it.o
    0x08001520   0x08001520   0x000002c2   Code   RO         1809    .text.FDCAN_CalcultateRamBlockAddresses  stm32h7xx_hal_fdcan.o
    0x080017e2   0x080017e2   0x00000006   PAD
    0x080017e8   0x080017e8   0x000000b8   Code   RO         1879    .text.FDCAN_CopyMessageToRAM  stm32h7xx_hal_fdcan.o
    0x080018a0   0x080018a0   0x0000005c   Code   RO          302    .text.Get_SerialNum  usbd_desc.o
    0x080018fc   0x080018fc   0x00000004   PAD
    0x08001900   0x08001900   0x00000292   Code   RO         1782    .text.HAL_ADCEx_MultiModeConfigChannel  stm32h7xx_hal_adc_ex.o
    0x08001b92   0x08001b92   0x00000006   PAD
    0x08001b98   0x08001b98   0x00000ba0   Code   RO         1609    .text.HAL_ADC_ConfigChannel  stm32h7xx_hal_adc.o
    0x08002738   0x08002738   0x00000502   Code   RO         1527    .text.HAL_ADC_Init  stm32h7xx_hal_adc.o
    0x08002c3a   0x08002c3a   0x00000006   PAD
    0x08002c40   0x08002c40   0x000001b4   Code   RO           41    .text.HAL_ADC_MspInit  adc.o
    0x08002df4   0x08002df4   0x00000004   PAD
    0x08002df8   0x08002df8   0x00000978   Code   RO          897    .text.HAL_DMA_Abort  stm32h7xx_hal_dma.o
    0x08003770   0x08003770   0x000006aa   Code   RO          899    .text.HAL_DMA_Abort_IT  stm32h7xx_hal_dma.o
    0x08003e1a   0x08003e1a   0x00000006   PAD
    0x08003e20   0x08003e20   0x000011c0   Code   RO          903    .text.HAL_DMA_IRQHandler  stm32h7xx_hal_dma.o
    0x08004fe0   0x08004fe0   0x00000960   Code   RO          879    .text.HAL_DMA_Init  stm32h7xx_hal_dma.o
    0x08005940   0x08005940   0x00000702   Code   RO          895    .text.HAL_DMA_Start_IT  stm32h7xx_hal_dma.o
    0x08006042   0x08006042   0x00000006   PAD
    0x08006048   0x08006048   0x00000042   Code   RO         1216    .text.HAL_Delay     stm32h7xx_hal.o
    0x0800608a   0x0800608a   0x00000006   PAD
    0x08006090   0x08006090   0x000000fe   Code   RO         1957    .text.HAL_FDCAN_ActivateNotification  stm32h7xx_hal_fdcan.o
    0x0800618e   0x0800618e   0x00000002   PAD
    0x08006190   0x08006190   0x000000ca   Code   RO         1877    .text.HAL_FDCAN_AddMessageToTxFifoQ  stm32h7xx_hal_fdcan.o
    0x0800625a   0x0800625a   0x00000006   PAD
    0x08006260   0x08006260   0x0000000a   Code   RO         1971    .text.HAL_FDCAN_ClockCalibrationCallback  stm32h7xx_hal_fdcan.o
    0x0800626a   0x0800626a   0x00000006   PAD
    0x08006270   0x08006270   0x000000a8   Code   RO         1837    .text.HAL_FDCAN_ConfigFifoWatermark  stm32h7xx_hal_fdcan.o
    0x08006318   0x08006318   0x00000116   Code   RO         1829    .text.HAL_FDCAN_ConfigFilter  stm32h7xx_hal_fdcan.o
    0x0800642e   0x0800642e   0x00000002   PAD
    0x08006430   0x08006430   0x0000005c   Code   RO         1831    .text.HAL_FDCAN_ConfigGlobalFilter  stm32h7xx_hal_fdcan.o
    0x0800648c   0x0800648c   0x00000004   PAD
    0x08006490   0x08006490   0x00000008   Code   RO         1999    .text.HAL_FDCAN_ErrorCallback  stm32h7xx_hal_fdcan.o
    0x08006498   0x08006498   0x0000000a   Code   RO         1989    .text.HAL_FDCAN_ErrorStatusCallback  stm32h7xx_hal_fdcan.o
    0x080064a2   0x080064a2   0x00000006   PAD
    0x080064a8   0x080064a8   0x000002f8   Code   RO         1889    .text.HAL_FDCAN_GetRxMessage  stm32h7xx_hal_fdcan.o
    0x080067a0   0x080067a0   0x00000008   Code   RO         1967    .text.HAL_FDCAN_HighPriorityMessageCallback  stm32h7xx_hal_fdcan.o
    0x080067a8   0x080067a8   0x000005e2   Code   RO         1965    .text.HAL_FDCAN_IRQHandler  stm32h7xx_hal_fdcan.o
    0x08006d8a   0x08006d8a   0x00000006   PAD
    0x08006d90   0x08006d90   0x000003e0   Code   RO         1805    .text.HAL_FDCAN_Init  stm32h7xx_hal_fdcan.o
    0x08007170   0x08007170   0x0000028e   Code   RO           79    .text.HAL_FDCAN_MspInit  fdcan.o
    0x080073fe   0x080073fe   0x00000002   PAD
    0x08007400   0x08007400   0x00000008   Code   RO         1983    .text.HAL_FDCAN_RxBufferNewMessageCallback  stm32h7xx_hal_fdcan.o
    0x08007408   0x08007408   0x00000112   Code   RO         2904    .text.HAL_FDCAN_RxFifo0Callback  bsp_fdcan.o
    0x0800751a   0x0800751a   0x00000006   PAD
    0x08007520   0x08007520   0x0000000a   Code   RO         1977    .text.HAL_FDCAN_RxFifo1Callback  stm32h7xx_hal_fdcan.o
    0x0800752a   0x0800752a   0x00000006   PAD
    0x08007530   0x08007530   0x00000050   Code   RO         1875    .text.HAL_FDCAN_Start  stm32h7xx_hal_fdcan.o
    0x08007580   0x08007580   0x0000000a   Code   RO         1997    .text.HAL_FDCAN_TT_GlobalTimeCallback  stm32h7xx_hal_fdcan.o
    0x0800758a   0x0800758a   0x00000006   PAD
    0x08007590   0x08007590   0x0000000a   Code   RO         1991    .text.HAL_FDCAN_TT_ScheduleSyncCallback  stm32h7xx_hal_fdcan.o
    0x0800759a   0x0800759a   0x00000006   PAD
    0x080075a0   0x080075a0   0x0000000c   Code   RO         1995    .text.HAL_FDCAN_TT_StopWatchCallback  stm32h7xx_hal_fdcan.o
    0x080075ac   0x080075ac   0x00000004   PAD
    0x080075b0   0x080075b0   0x0000000a   Code   RO         1993    .text.HAL_FDCAN_TT_TimeMarkCallback  stm32h7xx_hal_fdcan.o
    0x080075ba   0x080075ba   0x00000006   PAD
    0x080075c0   0x080075c0   0x00000008   Code   RO         1987    .text.HAL_FDCAN_TimeoutOccurredCallback  stm32h7xx_hal_fdcan.o
    0x080075c8   0x080075c8   0x00000008   Code   RO         1985    .text.HAL_FDCAN_TimestampWraparoundCallback  stm32h7xx_hal_fdcan.o
    0x080075d0   0x080075d0   0x0000000a   Code   RO         1969    .text.HAL_FDCAN_TxBufferAbortCallback  stm32h7xx_hal_fdcan.o
    0x080075da   0x080075da   0x00000006   PAD
    0x080075e0   0x080075e0   0x0000000a   Code   RO         1981    .text.HAL_FDCAN_TxBufferCompleteCallback  stm32h7xx_hal_fdcan.o
    0x080075ea   0x080075ea   0x00000006   PAD
    0x080075f0   0x080075f0   0x0000000a   Code   RO         1973    .text.HAL_FDCAN_TxEventFifoCallback  stm32h7xx_hal_fdcan.o
    0x080075fa   0x080075fa   0x00000006   PAD
    0x08007600   0x08007600   0x00000008   Code   RO         1979    .text.HAL_FDCAN_TxFifoEmptyCallback  stm32h7xx_hal_fdcan.o
    0x08007608   0x08007608   0x000003a8   Code   RO          827    .text.HAL_GPIO_Init  stm32h7xx_hal_gpio.o
    0x080079b0   0x080079b0   0x0000002e   Code   RO          833    .text.HAL_GPIO_WritePin  stm32h7xx_hal_gpio.o
    0x080079de   0x080079de   0x00000002   PAD
    0x080079e0   0x080079e0   0x0000000c   Code   RO         1208    .text.HAL_GetTick   stm32h7xx_hal.o
    0x080079ec   0x080079ec   0x00000004   PAD
    0x080079f0   0x080079f0   0x0000001a   Code   RO         1206    .text.HAL_IncTick   stm32h7xx_hal.o
    0x08007a0a   0x08007a0a   0x00000006   PAD
    0x08007a10   0x08007a10   0x0000007a   Code   RO         1196    .text.HAL_Init      stm32h7xx_hal.o
    0x08007a8a   0x08007a8a   0x00000006   PAD
    0x08007a90   0x08007a90   0x00000086   Code   RO         1198    .text.HAL_InitTick  stm32h7xx_hal.o
    0x08007b16   0x08007b16   0x00000002   PAD
    0x08007b18   0x08007b18   0x00000080   Code   RO         1155    .text.HAL_MPU_ConfigRegion  stm32h7xx_hal_cortex.o
    0x08007b98   0x08007b98   0x00000022   Code   RO         1147    .text.HAL_MPU_Disable  stm32h7xx_hal_cortex.o
    0x08007bba   0x08007bba   0x00000006   PAD
    0x08007bc0   0x08007bc0   0x00000030   Code   RO         1149    .text.HAL_MPU_Enable  stm32h7xx_hal_cortex.o
    0x08007bf0   0x08007bf0   0x00000024   Code   RO          271    .text.HAL_MspInit   stm32h7xx_hal_msp.o
    0x08007c14   0x08007c14   0x00000004   PAD
    0x08007c18   0x08007c18   0x00000014   Code   RO         1131    .text.HAL_NVIC_EnableIRQ  stm32h7xx_hal_cortex.o
    0x08007c2c   0x08007c2c   0x00000004   PAD
    0x08007c30   0x08007c30   0x0000002e   Code   RO         1123    .text.HAL_NVIC_SetPriority  stm32h7xx_hal_cortex.o
    0x08007c5e   0x08007c5e   0x00000002   PAD
    0x08007c60   0x08007c60   0x00000010   Code   RO         1119    .text.HAL_NVIC_SetPriorityGrouping  stm32h7xx_hal_cortex.o
    0x08007c70   0x08007c70   0x00000036   Code   RO          500    .text.HAL_PCDEx_ActivateLPM  stm32h7xx_hal_pcd_ex.o
    0x08007ca6   0x08007ca6   0x00000002   PAD
    0x08007ca8   0x08007ca8   0x0000000c   Code   RO          512    .text.HAL_PCDEx_LPM_Callback  stm32h7xx_hal_pcd_ex.o
    0x08007cb4   0x08007cb4   0x00000004   PAD
    0x08007cb8   0x08007cb8   0x00000018   Code   RO          498    .text.HAL_PCDEx_SetRxFiFo  stm32h7xx_hal_pcd_ex.o
    0x08007cd0   0x08007cd0   0x0000009c   Code   RO          496    .text.HAL_PCDEx_SetTxFiFo  stm32h7xx_hal_pcd_ex.o
    0x08007d6c   0x08007d6c   0x00000004   PAD
    0x08007d70   0x08007d70   0x00000014   Code   RO          366    .text.HAL_PCD_ConnectCallback  usbd_conf.o
    0x08007d84   0x08007d84   0x00000004   PAD
    0x08007d88   0x08007d88   0x00000026   Code   RO          352    .text.HAL_PCD_DataInStageCallback  usbd_conf.o
    0x08007dae   0x08007dae   0x00000002   PAD
    0x08007db0   0x08007db0   0x00000028   Code   RO          350    .text.HAL_PCD_DataOutStageCallback  usbd_conf.o
    0x08007dd8   0x08007dd8   0x00000014   Code   RO          368    .text.HAL_PCD_DisconnectCallback  usbd_conf.o
    0x08007dec   0x08007dec   0x00000004   PAD
    0x08007df0   0x08007df0   0x0000005e   Code   RO          449    .text.HAL_PCD_EP_Abort  stm32h7xx_hal_pcd.o
    0x08007e4e   0x08007e4e   0x00000002   PAD
    0x08007e50   0x08007e50   0x000000a8   Code   RO          467    .text.HAL_PCD_EP_Close  stm32h7xx_hal_pcd.o
    0x08007ef8   0x08007ef8   0x000000c8   Code   RO          477    .text.HAL_PCD_EP_ClrStall  stm32h7xx_hal_pcd.o
    0x08007fc0   0x08007fc0   0x00000022   Code   RO          471    .text.HAL_PCD_EP_GetRxCount  stm32h7xx_hal_pcd.o
    0x08007fe2   0x08007fe2   0x00000006   PAD
    0x08007fe8   0x08007fe8   0x000000ea   Code   RO          465    .text.HAL_PCD_EP_Open  stm32h7xx_hal_pcd.o
    0x080080d2   0x080080d2   0x00000006   PAD
    0x080080d8   0x080080d8   0x0000006c   Code   RO          469    .text.HAL_PCD_EP_Receive  stm32h7xx_hal_pcd.o
    0x08008144   0x08008144   0x00000004   PAD
    0x08008148   0x08008148   0x000000de   Code   RO          475    .text.HAL_PCD_EP_SetStall  stm32h7xx_hal_pcd.o
    0x08008226   0x08008226   0x00000002   PAD
    0x08008228   0x08008228   0x0000006c   Code   RO          473    .text.HAL_PCD_EP_Transmit  stm32h7xx_hal_pcd.o
    0x08008294   0x08008294   0x00000004   PAD
    0x08008298   0x08008298   0x00000888   Code   RO          427    .text.HAL_PCD_IRQHandler  stm32h7xx_hal_pcd.o
    0x08008b20   0x08008b20   0x0000001c   Code   RO          364    .text.HAL_PCD_ISOINIncompleteCallback  usbd_conf.o
    0x08008b3c   0x08008b3c   0x00000004   PAD
    0x08008b40   0x08008b40   0x0000001c   Code   RO          362    .text.HAL_PCD_ISOOUTIncompleteCallback  usbd_conf.o
    0x08008b5c   0x08008b5c   0x00000004   PAD
    0x08008b60   0x08008b60   0x0000023a   Code   RO          415    .text.HAL_PCD_Init  stm32h7xx_hal_pcd.o
    0x08008d9a   0x08008d9a   0x00000006   PAD
    0x08008da0   0x08008da0   0x00000078   Code   RO          344    .text.HAL_PCD_MspInit  usbd_conf.o
    0x08008e18   0x08008e18   0x00000052   Code   RO          356    .text.HAL_PCD_ResetCallback  usbd_conf.o
    0x08008e6a   0x08008e6a   0x00000006   PAD
    0x08008e70   0x08008e70   0x00000014   Code   RO          360    .text.HAL_PCD_ResumeCallback  usbd_conf.o
    0x08008e84   0x08008e84   0x00000004   PAD
    0x08008e88   0x08008e88   0x00000014   Code   RO          354    .text.HAL_PCD_SOFCallback  usbd_conf.o
    0x08008e9c   0x08008e9c   0x00000004   PAD
    0x08008ea0   0x08008ea0   0x0000005c   Code   RO          463    .text.HAL_PCD_SetAddress  stm32h7xx_hal_pcd.o
    0x08008efc   0x08008efc   0x00000004   PAD
    0x08008f00   0x08008f00   0x00000018   Code   RO          348    .text.HAL_PCD_SetupStageCallback  usbd_conf.o
    0x08008f18   0x08008f18   0x0000007c   Code   RO          423    .text.HAL_PCD_Start  stm32h7xx_hal_pcd.o
    0x08008f94   0x08008f94   0x00000004   PAD
    0x08008f98   0x08008f98   0x0000003e   Code   RO          358    .text.HAL_PCD_SuspendCallback  usbd_conf.o
    0x08008fd6   0x08008fd6   0x00000002   PAD
    0x08008fd8   0x08008fd8   0x000000a2   Code   RO         1036    .text.HAL_PWREx_ConfigSupply  stm32h7xx_hal_pwr_ex.o
    0x0800907a   0x0800907a   0x00000006   PAD
    0x08009080   0x08009080   0x00000012   Code   RO         1086    .text.HAL_PWREx_EnableUSBVoltageDetector  stm32h7xx_hal_pwr_ex.o
    0x08009092   0x08009092   0x00000006   PAD
    0x08009098   0x08009098   0x00000026   Code   RO          677    .text.HAL_RCCEx_GetD3PCLK1Freq  stm32h7xx_hal_rcc_ex.o
    0x080090be   0x080090be   0x00000002   PAD
    0x080090c0   0x080090c0   0x00000298   Code   RO          671    .text.HAL_RCCEx_GetPLL1ClockFreq  stm32h7xx_hal_rcc_ex.o
    0x08009358   0x08009358   0x00000298   Code   RO          673    .text.HAL_RCCEx_GetPLL2ClockFreq  stm32h7xx_hal_rcc_ex.o
    0x080095f0   0x080095f0   0x00000298   Code   RO          675    .text.HAL_RCCEx_GetPLL3ClockFreq  stm32h7xx_hal_rcc_ex.o
    0x08009888   0x08009888   0x00000ad2   Code   RO          669    .text.HAL_RCCEx_GetPeriphCLKFreq  stm32h7xx_hal_rcc_ex.o
    0x0800a35a   0x0800a35a   0x00000006   PAD
    0x0800a360   0x0800a360   0x00000fec   Code   RO          661    .text.HAL_RCCEx_PeriphCLKConfig  stm32h7xx_hal_rcc_ex.o
    0x0800b34c   0x0800b34c   0x00000004   PAD
    0x0800b350   0x0800b350   0x00000498   Code   RO          630    .text.HAL_RCC_ClockConfig  stm32h7xx_hal_rcc.o
    0x0800b7e8   0x0800b7e8   0x00000056   Code   RO          640    .text.HAL_RCC_GetHCLKFreq  stm32h7xx_hal_rcc.o
    0x0800b83e   0x0800b83e   0x00000002   PAD
    0x0800b840   0x0800b840   0x00000026   Code   RO          642    .text.HAL_RCC_GetPCLK1Freq  stm32h7xx_hal_rcc.o
    0x0800b866   0x0800b866   0x00000002   PAD
    0x0800b868   0x0800b868   0x00000026   Code   RO          644    .text.HAL_RCC_GetPCLK2Freq  stm32h7xx_hal_rcc.o
    0x0800b88e   0x0800b88e   0x00000002   PAD
    0x0800b890   0x0800b890   0x000002fc   Code   RO          632    .text.HAL_RCC_GetSysClockFreq  stm32h7xx_hal_rcc.o
    0x0800bb8c   0x0800bb8c   0x00000004   PAD
    0x0800bb90   0x0800bb90   0x00000a20   Code   RO          628    .text.HAL_RCC_OscConfig  stm32h7xx_hal_rcc.o
    0x0800c5b0   0x0800c5b0   0x000000d0   Code   RO         2634    .text.HAL_RS485Ex_Init  stm32h7xx_hal_uart_ex.o
    0x0800c680   0x0800c680   0x00000008   Code   RO         2094    .text.HAL_SPI_ErrorCallback  stm32h7xx_hal_spi.o
    0x0800c688   0x0800c688   0x00000390   Code   RO         2090    .text.HAL_SPI_IRQHandler  stm32h7xx_hal_spi.o
    0x0800ca18   0x0800ca18   0x00000292   Code   RO         2014    .text.HAL_SPI_Init  stm32h7xx_hal_spi.o
    0x0800ccaa   0x0800ccaa   0x00000006   PAD
    0x0800ccb0   0x0800ccb0   0x000001da   Code   RO           96    .text.HAL_SPI_MspInit  spi.o
    0x0800ce8a   0x0800ce8a   0x00000006   PAD
    0x0800ce90   0x0800ce90   0x00000008   Code   RO         2098    .text.HAL_SPI_RxCpltCallback  stm32h7xx_hal_spi.o
    0x0800ce98   0x0800ce98   0x00000008   Code   RO         2092    .text.HAL_SPI_SuspendCallback  stm32h7xx_hal_spi.o
    0x0800cea0   0x0800cea0   0x00000008   Code   RO         2100    .text.HAL_SPI_TxCpltCallback  stm32h7xx_hal_spi.o
    0x0800cea8   0x0800cea8   0x00000008   Code   RO         2096    .text.HAL_SPI_TxRxCpltCallback  stm32h7xx_hal_spi.o
    0x0800ceb0   0x0800ceb0   0x00000010   Code   RO         1143    .text.HAL_SYSTICK_Config  stm32h7xx_hal_cortex.o
    0x0800cec0   0x0800cec0   0x00000008   Code   RO         2473    .text.HAL_TIMEx_Break2Callback  stm32h7xx_hal_tim_ex.o
    0x0800cec8   0x0800cec8   0x00000008   Code   RO         2471    .text.HAL_TIMEx_BreakCallback  stm32h7xx_hal_tim_ex.o
    0x0800ced0   0x0800ced0   0x00000008   Code   RO         2467    .text.HAL_TIMEx_CommutCallback  stm32h7xx_hal_tim_ex.o
    0x0800ced8   0x0800ced8   0x0000012e   Code   RO         2453    .text.HAL_TIMEx_ConfigBreakDeadTime  stm32h7xx_hal_tim_ex.o
    0x0800d006   0x0800d006   0x00000002   PAD
    0x0800d008   0x0800d008   0x0000017c   Code   RO         2451    .text.HAL_TIMEx_MasterConfigSynchronization  stm32h7xx_hal_tim_ex.o
    0x0800d184   0x0800d184   0x00000004   PAD
    0x0800d188   0x0800d188   0x000000a8   Code   RO         2134    .text.HAL_TIM_Base_Init  stm32h7xx_hal_tim.o
    0x0800d230   0x0800d230   0x00000094   Code   RO          124    .text.HAL_TIM_Base_MspInit  tim.o
    0x0800d2c4   0x0800d2c4   0x00000004   PAD
    0x0800d2c8   0x0800d2c8   0x00000128   Code   RO         2148    .text.HAL_TIM_Base_Start_IT  stm32h7xx_hal_tim.o
    0x0800d3f0   0x0800d3f0   0x000001d0   Code   RO         2330    .text.HAL_TIM_ConfigClockSource  stm32h7xx_hal_tim.o
    0x0800d5c0   0x0800d5c0   0x00000008   Code   RO         2270    .text.HAL_TIM_IC_CaptureCallback  stm32h7xx_hal_tim.o
    0x0800d5c8   0x0800d5c8   0x00000250   Code   RO         2268    .text.HAL_TIM_IRQHandler  stm32h7xx_hal_tim.o
    0x0800d818   0x0800d818   0x00000104   Code   RO          112    .text.HAL_TIM_MspPostInit  tim.o
    0x0800d91c   0x0800d91c   0x00000004   PAD
    0x0800d920   0x0800d920   0x00000008   Code   RO         2272    .text.HAL_TIM_OC_DelayElapsedCallback  stm32h7xx_hal_tim.o
    0x0800d928   0x0800d928   0x000001b0   Code   RO         2304    .text.HAL_TIM_PWM_ConfigChannel  stm32h7xx_hal_tim.o
    0x0800dad8   0x0800dad8   0x000000a8   Code   RO         2188    .text.HAL_TIM_PWM_Init  stm32h7xx_hal_tim.o
    0x0800db80   0x0800db80   0x0000009a   Code   RO          122    .text.HAL_TIM_PWM_MspInit  tim.o
    0x0800dc1a   0x0800dc1a   0x00000006   PAD
    0x0800dc20   0x0800dc20   0x00000008   Code   RO         2274    .text.HAL_TIM_PWM_PulseFinishedCallback  stm32h7xx_hal_tim.o
    0x0800dc28   0x0800dc28   0x0000003c   Code   RO         3092    .text.HAL_TIM_PeriodElapsedCallback  motor_task.o
    0x0800dc64   0x0800dc64   0x00000004   PAD
    0x0800dc68   0x0800dc68   0x00000008   Code   RO         2278    .text.HAL_TIM_TriggerCallback  stm32h7xx_hal_tim.o
    0x0800dc70   0x0800dc70   0x0000007c   Code   RO         2656    .text.HAL_UARTEx_DisableFifoMode  stm32h7xx_hal_uart_ex.o
    0x0800dcec   0x0800dcec   0x00000004   PAD
    0x0800dcf0   0x0800dcf0   0x0000000c   Code   RO         2580    .text.HAL_UARTEx_RxEventCallback  stm32h7xx_hal_uart.o
    0x0800dcfc   0x0800dcfc   0x00000004   PAD
    0x0800dd00   0x0800dd00   0x00000008   Code   RO         2638    .text.HAL_UARTEx_RxFifoFullCallback  stm32h7xx_hal_uart_ex.o
    0x0800dd08   0x0800dd08   0x0000008c   Code   RO         2660    .text.HAL_UARTEx_SetRxFifoThreshold  stm32h7xx_hal_uart_ex.o
    0x0800dd94   0x0800dd94   0x00000004   PAD
    0x0800dd98   0x0800dd98   0x0000008c   Code   RO         2658    .text.HAL_UARTEx_SetTxFifoThreshold  stm32h7xx_hal_uart_ex.o
    0x0800de24   0x0800de24   0x00000004   PAD
    0x0800de28   0x0800de28   0x00000008   Code   RO         2640    .text.HAL_UARTEx_TxFifoEmptyCallback  stm32h7xx_hal_uart_ex.o
    0x0800de30   0x0800de30   0x00000008   Code   RO         2636    .text.HAL_UARTEx_WakeupCallback  stm32h7xx_hal_uart_ex.o
    0x0800de38   0x0800de38   0x00000008   Code   RO         2578    .text.HAL_UART_ErrorCallback  stm32h7xx_hal_uart.o
    0x0800de40   0x0800de40   0x000006c8   Code   RO         2574    .text.HAL_UART_IRQHandler  stm32h7xx_hal_uart.o
    0x0800e508   0x0800e508   0x000000aa   Code   RO         2486    .text.HAL_UART_Init  stm32h7xx_hal_uart.o
    0x0800e5b2   0x0800e5b2   0x00000006   PAD
    0x0800e5b8   0x0800e5b8   0x00000854   Code   RO          154    .text.HAL_UART_MspInit  usart.o
    0x0800ee0c   0x0800ee0c   0x00000004   PAD
    0x0800ee10   0x0800ee10   0x000000a0   Code   RO         2534    .text.HAL_UART_Receive_DMA  stm32h7xx_hal_uart.o
    0x0800eeb0   0x0800eeb0   0x0000007c   Code   RO         2921    .text.HAL_UART_RxCpltCallback  bsp_rs485.o
    0x0800ef2c   0x0800ef2c   0x00000004   PAD
    0x0800ef30   0x0800ef30   0x00000008   Code   RO         2590    .text.HAL_UART_RxHalfCpltCallback  stm32h7xx_hal_uart.o
    0x0800ef38   0x0800ef38   0x00000108   Code   RO         2526    .text.HAL_UART_Transmit_DMA  stm32h7xx_hal_uart.o
    0x0800f040   0x0800f040   0x00000008   Code   RO         2584    .text.HAL_UART_TxCpltCallback  stm32h7xx_hal_uart.o
    0x0800f048   0x0800f048   0x00000008   Code   RO         2586    .text.HAL_UART_TxHalfCpltCallback  stm32h7xx_hal_uart.o
    0x0800f050   0x0800f050   0x00000004   Code   RO          184    .text.HardFault_Handler  stm32h7xx_it.o
    0x0800f054   0x0800f054   0x00000004   PAD
    0x0800f058   0x0800f058   0x0000007a   Code   RO          306    .text.IntToUnicode  usbd_desc.o
    0x0800f0d2   0x0800f0d2   0x00000006   PAD
    0x0800f0d8   0x0800f0d8   0x00000018   Code   RO         1533    .text.LL_ADC_DisableDeepPowerDown  stm32h7xx_hal_adc.o
    0x0800f0f0   0x0800f0f0   0x0000001e   Code   RO         1537    .text.LL_ADC_EnableInternalRegulator  stm32h7xx_hal_adc.o
    0x0800f10e   0x0800f10e   0x00000002   PAD
    0x0800f110   0x0800f110   0x00000010   Code   RO         1631    .text.LL_ADC_GetCommonPathInternalCh  stm32h7xx_hal_adc.o
    0x0800f120   0x0800f120   0x0000001e   Code   RO         1625    .text.LL_ADC_GetOffsetChannel  stm32h7xx_hal_adc.o
    0x0800f13e   0x0800f13e   0x00000002   PAD
    0x0800f140   0x0800f140   0x00000010   Code   RO         1545    .text.LL_ADC_INJ_IsConversionOngoing  stm32h7xx_hal_adc.o
    0x0800f150   0x0800f150   0x00000010   Code   RO         1531    .text.LL_ADC_IsDeepPowerDownEnabled  stm32h7xx_hal_adc.o
    0x0800f160   0x0800f160   0x00000010   Code   RO         1541    .text.LL_ADC_IsEnabled  stm32h7xx_hal_adc.o
    0x0800f170   0x0800f170   0x00000010   Code   RO         1692    .text.LL_ADC_IsEnabled  stm32h7xx_hal_adc_ex.o
    0x0800f180   0x0800f180   0x00000010   Code   RO         1535    .text.LL_ADC_IsInternalRegulatorEnabled  stm32h7xx_hal_adc.o
    0x0800f190   0x0800f190   0x00000010   Code   RO         1539    .text.LL_ADC_REG_IsConversionOngoing  stm32h7xx_hal_adc.o
    0x0800f1a0   0x0800f1a0   0x00000010   Code   RO         1694    .text.LL_ADC_REG_IsConversionOngoing  stm32h7xx_hal_adc_ex.o
    0x0800f1b0   0x0800f1b0   0x0000003a   Code   RO         1611    .text.LL_ADC_REG_SetSequencerRanks  stm32h7xx_hal_adc.o
    0x0800f1ea   0x0800f1ea   0x00000006   PAD
    0x0800f1f0   0x0800f1f0   0x00000036   Code   RO         1613    .text.LL_ADC_SetChannelSamplingTime  stm32h7xx_hal_adc.o
    0x0800f226   0x0800f226   0x00000002   PAD
    0x0800f228   0x0800f228   0x00000070   Code   RO         1629    .text.LL_ADC_SetChannelSingleDiff  stm32h7xx_hal_adc.o
    0x0800f298   0x0800f298   0x0000001a   Code   RO         1543    .text.LL_ADC_SetCommonClock  stm32h7xx_hal_adc.o
    0x0800f2b2   0x0800f2b2   0x00000006   PAD
    0x0800f2b8   0x0800f2b8   0x0000001a   Code   RO         1633    .text.LL_ADC_SetCommonPathInternalCh  stm32h7xx_hal_adc.o
    0x0800f2d2   0x0800f2d2   0x00000006   PAD
    0x0800f2d8   0x0800f2d8   0x00000024   Code   RO         1623    .text.LL_ADC_SetDataRightShift  stm32h7xx_hal_adc.o
    0x0800f2fc   0x0800f2fc   0x00000004   PAD
    0x0800f300   0x0800f300   0x0000005c   Code   RO         1615    .text.LL_ADC_SetOffset  stm32h7xx_hal_adc.o
    0x0800f35c   0x0800f35c   0x00000004   PAD
    0x0800f360   0x0800f360   0x0000003a   Code   RO         1619    .text.LL_ADC_SetOffsetSaturation  stm32h7xx_hal_adc.o
    0x0800f39a   0x0800f39a   0x00000006   PAD
    0x0800f3a0   0x0800f3a0   0x0000003a   Code   RO         1617    .text.LL_ADC_SetOffsetSign  stm32h7xx_hal_adc.o
    0x0800f3da   0x0800f3da   0x00000006   PAD
    0x0800f3e0   0x0800f3e0   0x0000003c   Code   RO         1621    .text.LL_ADC_SetOffsetSignedSaturation  stm32h7xx_hal_adc.o
    0x0800f41c   0x0800f41c   0x00000004   PAD
    0x0800f420   0x0800f420   0x0000004c   Code   RO         1627    .text.LL_ADC_SetOffsetState  stm32h7xx_hal_adc.o
    0x0800f46c   0x0800f46c   0x00000004   PAD
    0x0800f470   0x0800f470   0x0000005a   Code   RO           13    .text.MPU_Config    main.o
    0x0800f4ca   0x0800f4ca   0x00000006   PAD
    0x0800f4d0   0x0800f4d0   0x000000e0   Code   RO           37    .text.MX_ADC1_Init  adc.o
    0x0800f5b0   0x0800f5b0   0x000000a2   Code   RO           39    .text.MX_ADC3_Init  adc.o
    0x0800f652   0x0800f652   0x00000006   PAD
    0x0800f658   0x0800f658   0x00000038   Code   RO           56    .text.MX_BDMA_Init  bdma.o
    0x0800f690   0x0800f690   0x0000019e   Code   RO           64    .text.MX_DMA_Init   dma.o
    0x0800f82e   0x0800f82e   0x00000002   PAD
    0x0800f830   0x0800f830   0x0000007e   Code   RO           73    .text.MX_FDCAN1_Init  fdcan.o
    0x0800f8ae   0x0800f8ae   0x00000002   PAD
    0x0800f8b0   0x0800f8b0   0x00000082   Code   RO           75    .text.MX_FDCAN2_Init  fdcan.o
    0x0800f932   0x0800f932   0x00000006   PAD
    0x0800f938   0x0800f938   0x00000082   Code   RO           77    .text.MX_FDCAN3_Init  fdcan.o
    0x0800f9ba   0x0800f9ba   0x00000006   PAD
    0x0800f9c0   0x0800f9c0   0x0000013e   Code   RO           29    .text.MX_GPIO_Init  gpio.o
    0x0800fafe   0x0800fafe   0x00000002   PAD
    0x0800fb00   0x0800fb00   0x0000006e   Code   RO           94    .text.MX_SPI2_Init  spi.o
    0x0800fb6e   0x0800fb6e   0x00000002   PAD
    0x0800fb70   0x0800fb70   0x00000106   Code   RO          110    .text.MX_TIM1_Init  tim.o
    0x0800fc76   0x0800fc76   0x00000002   PAD
    0x0800fc78   0x0800fc78   0x000000b4   Code   RO          114    .text.MX_TIM2_Init  tim.o
    0x0800fd2c   0x0800fd2c   0x00000004   PAD
    0x0800fd30   0x0800fd30   0x000000a2   Code   RO          116    .text.MX_TIM3_Init  tim.o
    0x0800fdd2   0x0800fdd2   0x00000006   PAD
    0x0800fdd8   0x0800fdd8   0x0000005c   Code   RO          118    .text.MX_TIM7_Init  tim.o
    0x0800fe34   0x0800fe34   0x00000004   PAD
    0x0800fe38   0x0800fe38   0x0000008c   Code   RO          120    .text.MX_TIM8_Init  tim.o
    0x0800fec4   0x0800fec4   0x00000004   PAD
    0x0800fec8   0x0800fec8   0x0000009c   Code   RO          142    .text.MX_UART5_Init  usart.o
    0x0800ff64   0x0800ff64   0x00000004   PAD
    0x0800ff68   0x0800ff68   0x0000008e   Code   RO          144    .text.MX_UART7_Init  usart.o
    0x0800fff6   0x0800fff6   0x00000002   PAD
    0x0800fff8   0x0800fff8   0x0000008e   Code   RO          152    .text.MX_USART10_UART_Init  usart.o
    0x08010086   0x08010086   0x00000002   PAD
    0x08010088   0x08010088   0x0000008e   Code   RO          146    .text.MX_USART1_UART_Init  usart.o
    0x08010116   0x08010116   0x00000002   PAD
    0x08010118   0x08010118   0x0000009a   Code   RO          148    .text.MX_USART2_UART_Init  usart.o
    0x080101b2   0x080101b2   0x00000006   PAD
    0x080101b8   0x080101b8   0x0000009a   Code   RO          150    .text.MX_USART3_UART_Init  usart.o
    0x08010252   0x08010252   0x00000006   PAD
    0x08010258   0x08010258   0x0000007a   Code   RO          279    .text.MX_USB_DEVICE_Init  usb_device.o
    0x080102d2   0x080102d2   0x00000006   PAD
    0x080102d8   0x080102d8   0x00000004   Code   RO          186    .text.MemManage_Handler  stm32h7xx_it.o
    0x080102dc   0x080102dc   0x00000004   PAD
    0x080102e0   0x080102e0   0x00000004   Code   RO          182    .text.NMI_Handler   stm32h7xx_it.o
    0x080102e4   0x080102e4   0x00000004   PAD
    0x080102e8   0x080102e8   0x0000006c   Code   RO         1129    .text.NVIC_EncodePriority  stm32h7xx_hal_cortex.o
    0x08010354   0x08010354   0x00000004   PAD
    0x08010358   0x08010358   0x00000010   Code   RO          252    .text.OTG_HS_IRQHandler  stm32h7xx_it.o
    0x08010368   0x08010368   0x0000008a   Code   RO          431    .text.PCD_EP_OutSetupPacket_int  stm32h7xx_hal_pcd.o
    0x080103f2   0x080103f2   0x00000006   PAD
    0x080103f8   0x080103f8   0x000001c8   Code   RO          429    .text.PCD_EP_OutXfrComplete_int  stm32h7xx_hal_pcd.o
    0x080105c0   0x080105c0   0x00000132   Code   RO          439    .text.PCD_WriteEmptyTxFifo  stm32h7xx_hal_pcd.o
    0x080106f2   0x080106f2   0x00000006   PAD
    0x080106f8   0x080106f8   0x00000002   Code   RO          196    .text.PendSV_Handler  stm32h7xx_it.o
    0x080106fa   0x080106fa   0x00000006   PAD
    0x08010700   0x08010700   0x00000032   Code   RO           17    .text.PeriphCommonClock_Config  main.o
    0x08010732   0x08010732   0x00000006   PAD
    0x08010738   0x08010738   0x000001ca   Code   RO          663    .text.RCCEx_PLL2_Config  stm32h7xx_hal_rcc_ex.o
    0x08010902   0x08010902   0x00000006   PAD
    0x08010908   0x08010908   0x000001ca   Code   RO          665    .text.RCCEx_PLL3_Config  stm32h7xx_hal_rcc_ex.o
    0x08010ad2   0x08010ad2   0x00000006   PAD
    0x08010ad8   0x08010ad8   0x00000010   Code   RO          222    .text.SPI2_IRQHandler  stm32h7xx_it.o
    0x08010ae8   0x08010ae8   0x00000116   Code   RO         2026    .text.SPI_CloseTransfer  stm32h7xx_hal_spi.o
    0x08010bfe   0x08010bfe   0x00000002   PAD
    0x08010c00   0x08010c00   0x0000002c   Code   RO         2102    .text.SPI_DMAAbortOnError  stm32h7xx_hal_spi.o
    0x08010c2c   0x08010c2c   0x00000004   PAD
    0x08010c30   0x08010c30   0x0000002a   Code   RO         2016    .text.SPI_GetPacketSize  stm32h7xx_hal_spi.o
    0x08010c5a   0x08010c5a   0x00000006   PAD
    0x08010c60   0x08010c60   0x00000002   Code   RO          192    .text.SVC_Handler   stm32h7xx_it.o
    0x08010c62   0x08010c62   0x00000006   PAD
    0x08010c68   0x08010c68   0x00000036   Code   RO         2772    .text.SWAPBYTE      usbd_ctlreq.o
    0x08010c9e   0x08010c9e   0x00000002   PAD
    0x08010ca0   0x08010ca0   0x00000052   Code   RO         1145    .text.SysTick_Config  stm32h7xx_hal_cortex.o
    0x08010cf2   0x08010cf2   0x00000006   PAD
    0x08010cf8   0x08010cf8   0x00000008   Code   RO          198    .text.SysTick_Handler  stm32h7xx_it.o
    0x08010d00   0x08010d00   0x000000d0   Code   RO           15    .text.SystemClock_Config  main.o
    0x08010dd0   0x08010dd0   0x0000013a   Code   RO         2679    .text.SystemInit    system_stm32h7xx.o
    0x08010f0a   0x08010f0a   0x00000006   PAD
    0x08010f10   0x08010f10   0x00000010   Code   RO          236    .text.TIM7_IRQHandler  stm32h7xx_it.o
    0x08010f20   0x08010f20   0x00000010   Code   RO          230    .text.TIM8_UP_TIM13_IRQHandler  stm32h7xx_it.o
    0x08010f30   0x08010f30   0x000001d0   Code   RO         2138    .text.TIM_Base_SetConfig  stm32h7xx_hal_tim.o
    0x08011100   0x08011100   0x00000034   Code   RO         2328    .text.TIM_ETR_SetConfig  stm32h7xx_hal_tim.o
    0x08011134   0x08011134   0x00000004   PAD
    0x08011138   0x08011138   0x00000030   Code   RO         2334    .text.TIM_ITRx_SetConfig  stm32h7xx_hal_tim.o
    0x08011168   0x08011168   0x00000150   Code   RO         2282    .text.TIM_OC1_SetConfig  stm32h7xx_hal_tim.o
    0x080112b8   0x080112b8   0x0000016c   Code   RO         2284    .text.TIM_OC2_SetConfig  stm32h7xx_hal_tim.o
    0x08011424   0x08011424   0x00000004   PAD
    0x08011428   0x08011428   0x0000016a   Code   RO         2286    .text.TIM_OC3_SetConfig  stm32h7xx_hal_tim.o
    0x08011592   0x08011592   0x00000006   PAD
    0x08011598   0x08011598   0x000000da   Code   RO         2288    .text.TIM_OC4_SetConfig  stm32h7xx_hal_tim.o
    0x08011672   0x08011672   0x00000006   PAD
    0x08011678   0x08011678   0x000000d0   Code   RO         2290    .text.TIM_OC5_SetConfig  stm32h7xx_hal_tim.o
    0x08011748   0x08011748   0x000000d2   Code   RO         2292    .text.TIM_OC6_SetConfig  stm32h7xx_hal_tim.o
    0x0801181a   0x0801181a   0x00000006   PAD
    0x08011820   0x08011820   0x00000050   Code   RO         2332    .text.TIM_TI1_ConfigInputStage  stm32h7xx_hal_tim.o
    0x08011870   0x08011870   0x00000052   Code   RO         2336    .text.TIM_TI2_ConfigInputStage  stm32h7xx_hal_tim.o
    0x080118c2   0x080118c2   0x00000006   PAD
    0x080118c8   0x080118c8   0x00000010   Code   RO          234    .text.UART5_IRQHandler  stm32h7xx_it.o
    0x080118d8   0x080118d8   0x00000010   Code   RO          254    .text.UART7_IRQHandler  stm32h7xx_it.o
    0x080118e8   0x080118e8   0x00000086   Code   RO         2654    .text.UARTEx_SetNbDataToProcess  stm32h7xx_hal_uart_ex.o
    0x0801196e   0x0801196e   0x00000002   PAD
    0x08011970   0x08011970   0x00000148   Code   RO         2490    .text.UART_AdvFeatureConfig  stm32h7xx_hal_uart.o
    0x08011ab8   0x08011ab8   0x00000146   Code   RO         2494    .text.UART_CheckIdleState  stm32h7xx_hal_uart.o
    0x08011bfe   0x08011bfe   0x00000002   PAD
    0x08011c00   0x08011c00   0x00000024   Code   RO         2576    .text.UART_DMAAbortOnError  stm32h7xx_hal_uart.o
    0x08011c24   0x08011c24   0x00000004   PAD
    0x08011c28   0x08011c28   0x00000080   Code   RO         2532    .text.UART_DMAError  stm32h7xx_hal_uart.o
    0x08011ca8   0x08011ca8   0x000000f6   Code   RO         2622    .text.UART_DMAReceiveCplt  stm32h7xx_hal_uart.o
    0x08011d9e   0x08011d9e   0x00000002   PAD
    0x08011da0   0x08011da0   0x00000036   Code   RO         2624    .text.UART_DMARxHalfCplt  stm32h7xx_hal_uart.o
    0x08011dd6   0x08011dd6   0x00000002   PAD
    0x08011dd8   0x08011dd8   0x0000007a   Code   RO         2528    .text.UART_DMATransmitCplt  stm32h7xx_hal_uart.o
    0x08011e52   0x08011e52   0x00000006   PAD
    0x08011e58   0x08011e58   0x00000016   Code   RO         2530    .text.UART_DMATxHalfCplt  stm32h7xx_hal_uart.o
    0x08011e6e   0x08011e6e   0x00000002   PAD
    0x08011e70   0x08011e70   0x0000009e   Code   RO         2546    .text.UART_EndRxTransfer  stm32h7xx_hal_uart.o
    0x08011f0e   0x08011f0e   0x00000002   PAD
    0x08011f10   0x08011f10   0x00000044   Code   RO         2582    .text.UART_EndTransmit_IT  stm32h7xx_hal_uart.o
    0x08011f54   0x08011f54   0x00000004   PAD
    0x08011f58   0x08011f58   0x0000005c   Code   RO         2544    .text.UART_EndTxTransfer  stm32h7xx_hal_uart.o
    0x08011fb4   0x08011fb4   0x00000004   PAD
    0x08011fb8   0x08011fb8   0x00000a4e   Code   RO         2492    .text.UART_SetConfig  stm32h7xx_hal_uart.o
    0x08012a06   0x08012a06   0x00000002   PAD
    0x08012a08   0x08012a08   0x0000012e   Code   RO         2536    .text.UART_Start_Receive_DMA  stm32h7xx_hal_uart.o
    0x08012b36   0x08012b36   0x00000002   PAD
    0x08012b38   0x08012b38   0x0000010c   Code   RO         2508    .text.UART_WaitOnFlagUntilTimeout  stm32h7xx_hal_uart.o
    0x08012c44   0x08012c44   0x00000004   PAD
    0x08012c48   0x08012c48   0x00000010   Code   RO          258    .text.USART10_IRQHandler  stm32h7xx_it.o
    0x08012c58   0x08012c58   0x00000010   Code   RO          224    .text.USART1_IRQHandler  stm32h7xx_it.o
    0x08012c68   0x08012c68   0x00000010   Code   RO          226    .text.USART2_IRQHandler  stm32h7xx_it.o
    0x08012c78   0x08012c78   0x00000010   Code   RO          228    .text.USART3_IRQHandler  stm32h7xx_it.o
    0x08012c88   0x08012c88   0x000000f4   Code   RO         2815    .text.USBD_CDC_DataIn  usbd_cdc.o
    0x08012d7c   0x08012d7c   0x00000004   PAD
    0x08012d80   0x08012d80   0x00000070   Code   RO         2817    .text.USBD_CDC_DataOut  usbd_cdc.o
    0x08012df0   0x08012df0   0x000000ec   Code   RO         2809    .text.USBD_CDC_DeInit  usbd_cdc.o
    0x08012edc   0x08012edc   0x00000004   PAD
    0x08012ee0   0x08012ee0   0x00000078   Code   RO         2813    .text.USBD_CDC_EP0_RxReady  usbd_cdc.o
    0x08012f58   0x08012f58   0x00000016   Code   RO         2825    .text.USBD_CDC_GetDeviceQualifierDescriptor  usbd_cdc.o
    0x08012f6e   0x08012f6e   0x00000002   PAD
    0x08012f70   0x08012f70   0x0000006c   Code   RO         2821    .text.USBD_CDC_GetFSCfgDesc  usbd_cdc.o
    0x08012fdc   0x08012fdc   0x00000004   PAD
    0x08012fe0   0x08012fe0   0x00000070   Code   RO         2819    .text.USBD_CDC_GetHSCfgDesc  usbd_cdc.o
    0x08013050   0x08013050   0x0000006c   Code   RO         2823    .text.USBD_CDC_GetOtherSpeedCfgDesc  usbd_cdc.o
    0x080130bc   0x080130bc   0x00000004   PAD
    0x080130c0   0x080130c0   0x0000021c   Code   RO         2807    .text.USBD_CDC_Init  usbd_cdc.o
    0x080132dc   0x080132dc   0x00000004   PAD
    0x080132e0   0x080132e0   0x0000007e   Code   RO         2835    .text.USBD_CDC_ReceivePacket  usbd_cdc.o
    0x0801335e   0x0801335e   0x00000002   PAD
    0x08013360   0x08013360   0x00000034   Code   RO         2827    .text.USBD_CDC_RegisterInterface  usbd_cdc.o
    0x08013394   0x08013394   0x00000004   PAD
    0x08013398   0x08013398   0x0000003c   Code   RO         2831    .text.USBD_CDC_SetRxBuffer  usbd_cdc.o
    0x080133d4   0x080133d4   0x00000004   PAD
    0x080133d8   0x080133d8   0x00000046   Code   RO         2829    .text.USBD_CDC_SetTxBuffer  usbd_cdc.o
    0x0801341e   0x0801341e   0x00000002   PAD
    0x08013420   0x08013420   0x000001cc   Code   RO         2811    .text.USBD_CDC_Setup  usbd_cdc.o
    0x080135ec   0x080135ec   0x00000004   PAD
    0x080135f0   0x080135f0   0x00000032   Code   RO         2707    .text.USBD_ClrClassConfig  usbd_core.o
    0x08013622   0x08013622   0x00000006   PAD
    0x08013628   0x08013628   0x00000040   Code   RO         2762    .text.USBD_ClrFeature  usbd_ctlreq.o
    0x08013668   0x08013668   0x0000000e   Code   RO         2715    .text.USBD_CoreFindEP  usbd_core.o
    0x08013676   0x08013676   0x00000002   PAD
    0x08013678   0x08013678   0x0000000e   Code   RO         2713    .text.USBD_CoreFindIF  usbd_core.o
    0x08013686   0x08013686   0x00000002   PAD
    0x08013688   0x08013688   0x0000001e   Code   RO         2792    .text.USBD_CtlContinueRx  usbd_ioreq.o
    0x080136a6   0x080136a6   0x00000002   PAD
    0x080136a8   0x080136a8   0x0000001e   Code   RO         2788    .text.USBD_CtlContinueSendData  usbd_ioreq.o
    0x080136c6   0x080136c6   0x00000002   PAD
    0x080136c8   0x080136c8   0x0000001c   Code   RO         2764    .text.USBD_CtlError  usbd_ctlreq.o
    0x080136e4   0x080136e4   0x00000004   PAD
    0x080136e8   0x080136e8   0x00000036   Code   RO         2790    .text.USBD_CtlPrepareRx  usbd_ioreq.o
    0x0801371e   0x0801371e   0x00000002   PAD
    0x08013720   0x08013720   0x00000022   Code   RO         2796    .text.USBD_CtlReceiveStatus  usbd_ioreq.o
    0x08013742   0x08013742   0x00000006   PAD
    0x08013748   0x08013748   0x00000032   Code   RO         2786    .text.USBD_CtlSendData  usbd_ioreq.o
    0x0801377a   0x0801377a   0x00000006   PAD
    0x08013780   0x08013780   0x00000022   Code   RO         2794    .text.USBD_CtlSendStatus  usbd_ioreq.o
    0x080137a2   0x080137a2   0x00000006   PAD
    0x080137a8   0x080137a8   0x00000064   Code   RO         2756    .text.USBD_GetConfig  usbd_ctlreq.o
    0x0801380c   0x0801380c   0x00000004   PAD
    0x08013810   0x08013810   0x0000031e   Code   RO         2750    .text.USBD_GetDescriptor  usbd_ctlreq.o
    0x08013b2e   0x08013b2e   0x00000002   PAD
    0x08013b30   0x08013b30   0x00000076   Code   RO         2737    .text.USBD_GetEpDesc  usbd_core.o
    0x08013ba6   0x08013ba6   0x00000002   PAD
    0x08013ba8   0x08013ba8   0x00000032   Code   RO         2776    .text.USBD_GetLen   usbd_ctlreq.o
    0x08013bda   0x08013bda   0x00000006   PAD
    0x08013be0   0x08013be0   0x00000026   Code   RO         2739    .text.USBD_GetNextDesc  usbd_core.o
    0x08013c06   0x08013c06   0x00000002   PAD
    0x08013c08   0x08013c08   0x00000062   Code   RO         2758    .text.USBD_GetStatus  usbd_ctlreq.o
    0x08013c6a   0x08013c6a   0x00000006   PAD
    0x08013c70   0x08013c70   0x000000bc   Code   RO         2774    .text.USBD_GetString  usbd_ctlreq.o
    0x08013d2c   0x08013d2c   0x00000004   PAD
    0x08013d30   0x08013d30   0x00000052   Code   RO          374    .text.USBD_Get_USB_Status  usbd_conf.o
    0x08013d82   0x08013d82   0x00000006   PAD
    0x08013d88   0x08013d88   0x0000004e   Code   RO          298    .text.USBD_HS_ConfigStrDescriptor  usbd_desc.o
    0x08013dd6   0x08013dd6   0x00000002   PAD
    0x08013dd8   0x08013dd8   0x0000001a   Code   RO          288    .text.USBD_HS_DeviceDescriptor  usbd_desc.o
    0x08013df2   0x08013df2   0x00000006   PAD
    0x08013df8   0x08013df8   0x0000004e   Code   RO          300    .text.USBD_HS_InterfaceStrDescriptor  usbd_desc.o
    0x08013e46   0x08013e46   0x00000002   PAD
    0x08013e48   0x08013e48   0x0000001a   Code   RO          290    .text.USBD_HS_LangIDStrDescriptor  usbd_desc.o
    0x08013e62   0x08013e62   0x00000006   PAD
    0x08013e68   0x08013e68   0x00000028   Code   RO          292    .text.USBD_HS_ManufacturerStrDescriptor  usbd_desc.o
    0x08013e90   0x08013e90   0x0000004e   Code   RO          294    .text.USBD_HS_ProductStrDescriptor  usbd_desc.o
    0x08013ede   0x08013ede   0x00000002   PAD
    0x08013ee0   0x08013ee0   0x00000020   Code   RO          296    .text.USBD_HS_SerialStrDescriptor  usbd_desc.o
    0x08013f00   0x08013f00   0x0000006a   Code   RO         2693    .text.USBD_Init     usbd_core.o
    0x08013f6a   0x08013f6a   0x00000006   PAD
    0x08013f70   0x08013f70   0x0000003a   Code   RO          388    .text.USBD_LL_ClearStallEP  usbd_conf.o
    0x08013faa   0x08013faa   0x00000006   PAD
    0x08013fb0   0x08013fb0   0x0000003a   Code   RO          382    .text.USBD_LL_CloseEP  usbd_conf.o
    0x08013fea   0x08013fea   0x00000006   PAD
    0x08013ff0   0x08013ff0   0x00000190   Code   RO         2717    .text.USBD_LL_DataInStage  usbd_core.o
    0x08014180   0x08014180   0x000001b2   Code   RO         2711    .text.USBD_LL_DataOutStage  usbd_core.o
    0x08014332   0x08014332   0x00000006   PAD
    0x08014338   0x08014338   0x0000000a   Code   RO         2733    .text.USBD_LL_DevConnected  usbd_core.o
    0x08014342   0x08014342   0x00000006   PAD
    0x08014348   0x08014348   0x00000040   Code   RO         2735    .text.USBD_LL_DevDisconnected  usbd_core.o
    0x08014388   0x08014388   0x0000001c   Code   RO          398    .text.USBD_LL_GetRxDataSize  usbd_conf.o
    0x080143a4   0x080143a4   0x00000004   PAD
    0x080143a8   0x080143a8   0x00000086   Code   RO          370    .text.USBD_LL_Init  usbd_conf.o
    0x0801442e   0x0801442e   0x00000002   PAD
    0x08014430   0x08014430   0x0000005a   Code   RO          390    .text.USBD_LL_IsStallEP  usbd_conf.o
    0x0801448a   0x0801448a   0x00000006   PAD
    0x08014490   0x08014490   0x0000006e   Code   RO         2729    .text.USBD_LL_IsoINIncomplete  usbd_core.o
    0x080144fe   0x080144fe   0x00000002   PAD
    0x08014500   0x08014500   0x0000006e   Code   RO         2731    .text.USBD_LL_IsoOUTIncomplete  usbd_core.o
    0x0801456e   0x0801456e   0x00000002   PAD
    0x08014570   0x08014570   0x0000004a   Code   RO          380    .text.USBD_LL_OpenEP  usbd_conf.o
    0x080145ba   0x080145ba   0x00000006   PAD
    0x080145c0   0x080145c0   0x00000042   Code   RO          396    .text.USBD_LL_PrepareReceive  usbd_conf.o
    0x08014602   0x08014602   0x00000006   PAD
    0x08014608   0x08014608   0x0000009c   Code   RO         2719    .text.USBD_LL_Reset  usbd_core.o
    0x080146a4   0x080146a4   0x00000004   PAD
    0x080146a8   0x080146a8   0x00000024   Code   RO         2725    .text.USBD_LL_Resume  usbd_core.o
    0x080146cc   0x080146cc   0x00000004   PAD
    0x080146d0   0x080146d0   0x0000003e   Code   RO         2727    .text.USBD_LL_SOF   usbd_core.o
    0x0801470e   0x0801470e   0x00000002   PAD
    0x08014710   0x08014710   0x00000016   Code   RO         2721    .text.USBD_LL_SetSpeed  usbd_core.o
    0x08014726   0x08014726   0x00000002   PAD
    0x08014728   0x08014728   0x0000003a   Code   RO          392    .text.USBD_LL_SetUSBAddress  usbd_conf.o
    0x08014762   0x08014762   0x00000006   PAD
    0x08014768   0x08014768   0x00000094   Code   RO         2709    .text.USBD_LL_SetupStage  usbd_core.o
    0x080147fc   0x080147fc   0x00000004   PAD
    0x08014800   0x08014800   0x0000003a   Code   RO          386    .text.USBD_LL_StallEP  usbd_conf.o
    0x0801483a   0x0801483a   0x00000006   PAD
    0x08014840   0x08014840   0x00000032   Code   RO          376    .text.USBD_LL_Start  usbd_conf.o
    0x08014872   0x08014872   0x00000006   PAD
    0x08014878   0x08014878   0x0000002c   Code   RO         2723    .text.USBD_LL_Suspend  usbd_core.o
    0x080148a4   0x080148a4   0x00000004   PAD
    0x080148a8   0x080148a8   0x00000042   Code   RO          394    .text.USBD_LL_Transmit  usbd_conf.o
    0x080148ea   0x080148ea   0x00000006   PAD
    0x080148f0   0x080148f0   0x00000062   Code   RO         2770    .text.USBD_ParseSetupRequest  usbd_ctlreq.o
    0x08014952   0x08014952   0x00000006   PAD
    0x08014958   0x08014958   0x00000072   Code   RO         2697    .text.USBD_RegisterClass  usbd_core.o
    0x080149ca   0x080149ca   0x00000006   PAD
    0x080149d0   0x080149d0   0x0000000a   Code   RO         2703    .text.USBD_RunTestMode  usbd_core.o
    0x080149da   0x080149da   0x00000006   PAD
    0x080149e0   0x080149e0   0x0000008c   Code   RO         2752    .text.USBD_SetAddress  usbd_ctlreq.o
    0x08014a6c   0x08014a6c   0x00000004   PAD
    0x08014a70   0x08014a70   0x00000036   Code   RO         2705    .text.USBD_SetClassConfig  usbd_core.o
    0x08014aa6   0x08014aa6   0x00000002   PAD
    0x08014aa8   0x08014aa8   0x0000017e   Code   RO         2754    .text.USBD_SetConfig  usbd_ctlreq.o
    0x08014c26   0x08014c26   0x00000002   PAD
    0x08014c28   0x08014c28   0x0000004e   Code   RO         2760    .text.USBD_SetFeature  usbd_ctlreq.o
    0x08014c76   0x08014c76   0x00000002   PAD
    0x08014c78   0x08014c78   0x00000010   Code   RO         2699    .text.USBD_Start    usbd_core.o
    0x08014c88   0x08014c88   0x000000cc   Code   RO         2748    .text.USBD_StdDevReq  usbd_ctlreq.o
    0x08014d54   0x08014d54   0x00000004   PAD
    0x08014d58   0x08014d58   0x000003ac   Code   RO         2768    .text.USBD_StdEPReq  usbd_ctlreq.o
    0x08015104   0x08015104   0x00000004   PAD
    0x08015108   0x08015108   0x000000f4   Code   RO         2766    .text.USBD_StdItfReq  usbd_ctlreq.o
    0x080151fc   0x080151fc   0x00000004   PAD
    0x08015200   0x08015200   0x00000008   Code   RO          402    .text.USBD_static_free  usbd_conf.o
    0x08015208   0x08015208   0x00000010   Code   RO          400    .text.USBD_static_malloc  usbd_conf.o
    0x08015218   0x08015218   0x000000de   Code   RO          545    .text.USB_ActivateEndpoint  stm32h7xx_ll_usb.o
    0x080152f6   0x080152f6   0x00000002   PAD
    0x080152f8   0x080152f8   0x0000002c   Code   RO          587    .text.USB_ActivateSetup  stm32h7xx_ll_usb.o
    0x08015324   0x08015324   0x00000004   PAD
    0x08015328   0x08015328   0x000000ec   Code   RO          521    .text.USB_CoreInit  stm32h7xx_ll_usb.o
    0x08015414   0x08015414   0x00000004   PAD
    0x08015418   0x08015418   0x00000078   Code   RO          523    .text.USB_CoreReset  stm32h7xx_ll_usb.o
    0x08015490   0x08015490   0x00000138   Code   RO          549    .text.USB_DeactivateEndpoint  stm32h7xx_ll_usb.o
    0x080155c8   0x080155c8   0x0000002a   Code   RO          569    .text.USB_DevConnect  stm32h7xx_ll_usb.o
    0x080155f2   0x080155f2   0x00000006   PAD
    0x080155f8   0x080155f8   0x0000002a   Code   RO          571    .text.USB_DevDisconnect  stm32h7xx_ll_usb.o
    0x08015622   0x08015622   0x00000006   PAD
    0x08015628   0x08015628   0x00000290   Code   RO          535    .text.USB_DevInit   stm32h7xx_ll_usb.o
    0x080158b8   0x080158b8   0x00000014   Code   RO          529    .text.USB_DisableGlobalInt  stm32h7xx_ll_usb.o
    0x080158cc   0x080158cc   0x00000004   PAD
    0x080158d0   0x080158d0   0x0000009e   Code   RO          589    .text.USB_EP0_OutStart  stm32h7xx_ll_usb.o
    0x0801596e   0x0801596e   0x00000002   PAD
    0x08015970   0x08015970   0x000000a0   Code   RO          563    .text.USB_EPClearStall  stm32h7xx_ll_usb.o
    0x08015a10   0x08015a10   0x000000a8   Code   RO          561    .text.USB_EPSetStall  stm32h7xx_ll_usb.o
    0x08015ab8   0x08015ab8   0x000003e8   Code   RO          553    .text.USB_EPStartXfer  stm32h7xx_ll_usb.o
    0x08015ea0   0x08015ea0   0x0000011c   Code   RO          557    .text.USB_EPStopXfer  stm32h7xx_ll_usb.o
    0x08015fbc   0x08015fbc   0x00000004   PAD
    0x08015fc0   0x08015fc0   0x00000014   Code   RO          527    .text.USB_EnableGlobalInt  stm32h7xx_ll_usb.o
    0x08015fd4   0x08015fd4   0x00000004   PAD
    0x08015fd8   0x08015fd8   0x00000074   Code   RO          541    .text.USB_FlushRxFifo  stm32h7xx_ll_usb.o
    0x0801604c   0x0801604c   0x00000004   PAD
    0x08016050   0x08016050   0x0000007a   Code   RO          539    .text.USB_FlushTxFifo  stm32h7xx_ll_usb.o
    0x080160ca   0x080160ca   0x00000006   PAD
    0x080160d0   0x080160d0   0x0000004c   Code   RO          543    .text.USB_GetDevSpeed  stm32h7xx_ll_usb.o
    0x0801611c   0x0801611c   0x00000004   PAD
    0x08016120   0x08016120   0x00000010   Code   RO          533    .text.USB_GetMode   stm32h7xx_ll_usb.o
    0x08016130   0x08016130   0x00000024   Code   RO          579    .text.USB_ReadDevAllInEpInterrupt  stm32h7xx_ll_usb.o
    0x08016154   0x08016154   0x00000004   PAD
    0x08016158   0x08016158   0x00000024   Code   RO          577    .text.USB_ReadDevAllOutEpInterrupt  stm32h7xx_ll_usb.o
    0x0801617c   0x0801617c   0x00000004   PAD
    0x08016180   0x08016180   0x0000004e   Code   RO          583    .text.USB_ReadDevInEPInterrupt  stm32h7xx_ll_usb.o
    0x080161ce   0x080161ce   0x00000002   PAD
    0x080161d0   0x080161d0   0x0000002e   Code   RO          581    .text.USB_ReadDevOutEPInterrupt  stm32h7xx_ll_usb.o
    0x080161fe   0x080161fe   0x00000002   PAD
    0x08016200   0x08016200   0x0000001a   Code   RO          573    .text.USB_ReadInterrupts  stm32h7xx_ll_usb.o
    0x0801621a   0x0801621a   0x00000006   PAD
    0x08016220   0x08016220   0x000000b4   Code   RO          559    .text.USB_ReadPacket  stm32h7xx_ll_usb.o
    0x080162d4   0x080162d4   0x00000004   PAD
    0x080162d8   0x080162d8   0x000000de   Code   RO          531    .text.USB_SetCurrentMode  stm32h7xx_ll_usb.o
    0x080163b6   0x080163b6   0x00000002   PAD
    0x080163b8   0x080163b8   0x00000036   Code   RO          567    .text.USB_SetDevAddress  stm32h7xx_ll_usb.o
    0x080163ee   0x080163ee   0x00000002   PAD
    0x080163f0   0x080163f0   0x00000022   Code   RO          537    .text.USB_SetDevSpeed  stm32h7xx_ll_usb.o
    0x08016412   0x08016412   0x00000006   PAD
    0x08016418   0x08016418   0x000001ba   Code   RO          525    .text.USB_SetTurnaroundTime  stm32h7xx_ll_usb.o
    0x080165d2   0x080165d2   0x00000006   PAD
    0x080165d8   0x080165d8   0x00000082   Code   RO          555    .text.USB_WritePacket  stm32h7xx_ll_usb.o
    0x0801665a   0x0801665a   0x00000006   PAD
    0x08016660   0x08016660   0x00000004   Code   RO          190    .text.UsageFault_Handler  stm32h7xx_it.o
    0x08016664   0x08016664   0x00000004   PAD
    0x08016668   0x08016668   0x00000014   Code   RO         3096    .text._GLOBAL__sub_I_motor_task.cpp  motor_task.o
    0x0801667c   0x0801667c   0x00000004   PAD
    0x08016680   0x08016680   0x0000019c   Code   RO         2898    .text._Z12bsp_can_initP19FDCAN_HandleTypeDefPFvR21FDCAN_RxHeaderTypeDefPhE  bsp_fdcan.o
    0x0801681c   0x0801681c   0x00000004   PAD
    0x08016820   0x08016820   0x00000060   Code   RO         3048    .text._Z13CAN1_CallbackR21FDCAN_RxHeaderTypeDefPh  motor_task.o
    0x08016880   0x08016880   0x00000050   Code   RO         3052    .text._Z13CAN2_CallbackR21FDCAN_RxHeaderTypeDefPh  motor_task.o
    0x080168d0   0x080168d0   0x0000003e   Code   RO         3056    .text._Z13CAN3_CallbackR21FDCAN_RxHeaderTypeDefPh  motor_task.o
    0x0801690e   0x0801690e   0x00000002   PAD
    0x08016910   0x08016910   0x000000c8   Code   RO         3082    .text._Z13motor_DJ_InitP19FDCAN_HandleTypeDefP14Class_Motor_DJhP20Struct_recv_motor_DJ  motor_task.o
    0x080169d8   0x080169d8   0x0000008e   Code   RO         3086    .text._Z13motor_DM_InitP19FDCAN_HandleTypeDefP14Class_Motor_DMhP20Struct_recv_motor_DM  motor_task.o
    0x08016a66   0x08016a66   0x00000002   PAD
    0x08016a68   0x08016a68   0x00000082   Code   RO         3078    .text._Z13motor_LZ_InitP19FDCAN_HandleTypeDefP14Class_Motor_LZhP20Struct_recv_motor_Lz  motor_task.o
    0x08016aea   0x08016aea   0x00000006   PAD
    0x08016af0   0x08016af0   0x00000086   Code   RO         3084    .text._Z13motor_YS_InitP20__UART_HandleTypeDefP14Class_Motor_YShP20Struct_recv_motor_YS  motor_task.o
    0x08016b76   0x08016b76   0x00000002   PAD
    0x08016b78   0x08016b78   0x00000052   Code   RO         2880    .text._Z13motor_max_minfff  math_support.o
    0x08016bca   0x08016bca   0x00000006   PAD
    0x08016bd0   0x08016bd0   0x0000005c   Code   RO         2874    .text._Z13uint_to_floattffh  math_support.o
    0x08016c2c   0x08016c2c   0x00000004   PAD
    0x08016c30   0x08016c30   0x00000042   Code   RO         2896    .text._Z15can_filter_initP19FDCAN_HandleTypeDef  bsp_fdcan.o
    0x08016c72   0x08016c72   0x00000006   PAD
    0x08016c78   0x08016c78   0x0000005c   Code   RO         2876    .text._Z15float_to_uint_ffffh  math_support.o
    0x08016cd4   0x08016cd4   0x00000004   PAD
    0x08016cd8   0x08016cd8   0x000000c8   Code   RO         3068    .text._Z16Task1ms_Callbackv  motor_task.o
    0x08016da0   0x08016da0   0x00000070   Code   RO         3060    .text._Z16USART2_RxHandlerP20__UART_HandleTypeDefPh  motor_task.o
    0x08016e10   0x08016e10   0x0000009c   Code   RO         2917    .text._Z16USART_RX485_initP20__UART_HandleTypeDefPFvS0_PhE  bsp_rs485.o
    0x08016eac   0x08016eac   0x00000004   PAD
    0x08016eb0   0x08016eb0   0x00000190   Code   RO         3017    .text._Z17motor_DJ_can_sendv  motor_dj.o
    0x08017040   0x08017040   0x00000002   Code   RO         3074    .text._Z18Task500us_Callbackv  motor_task.o
    0x08017042   0x08017042   0x00000006   PAD
    0x08017048   0x08017048   0x0000004e   Code   RO         2919    .text._Z18UART_Transmit_DataP20__UART_HandleTypeDefPh  bsp_rs485.o
    0x08017096   0x08017096   0x00000002   PAD
    0x08017098   0x08017098   0x00000030   Code   RO         3058    .text._Z18motor_DJ_Data_recvP14Class_Motor_DJP20Struct_recv_motor_DJ  motor_task.o
    0x080170c8   0x080170c8   0x00000038   Code   RO         3080    .text._Z18motor_DJ_Data_sendP14Class_Motor_DJ20Struct_send_motor_DJ  motor_task.o
    0x08017100   0x08017100   0x00000068   Code   RO         3054    .text._Z18motor_DM_Data_recvP14Class_Motor_DMP20Struct_recv_motor_DM  motor_task.o
    0x08017168   0x08017168   0x00000070   Code   RO         3070    .text._Z18motor_DM_Data_sendP14Class_Motor_DM20Struct_send_motor_DM  motor_task.o
    0x080171d8   0x080171d8   0x0000005c   Code   RO         3050    .text._Z18motor_LZ_Data_recvP14Class_Motor_LZP20Struct_recv_motor_Lz  motor_task.o
    0x08017234   0x08017234   0x00000004   PAD
    0x08017238   0x08017238   0x00000070   Code   RO         3076    .text._Z18motor_LZ_Data_sendP14Class_Motor_LZ20Struct_send_motor_Lz  motor_task.o
    0x080172a8   0x080172a8   0x0000005c   Code   RO         3064    .text._Z18motor_YS_Data_recvP14Class_Motor_YSP20Struct_recv_motor_YS  motor_task.o
    0x08017304   0x08017304   0x00000004   PAD
    0x08017308   0x08017308   0x00000070   Code   RO         3072    .text._Z18motor_YS_Data_sendP14Class_Motor_YS20Struct_send_motor_YS  motor_task.o
    0x08017378   0x08017378   0x0000004e   Code   RO         2902    .text._Z21fdcan_send_data_ExtenP19FDCAN_HandleTypeDefjPhj  bsp_fdcan.o
    0x080173c6   0x080173c6   0x00000002   PAD
    0x080173c8   0x080173c8   0x0000004a   Code   RO         2900    .text._Z21fdcan_send_data_standP19FDCAN_HandleTypeDefjPhj  bsp_fdcan.o
    0x08017412   0x08017412   0x00000006   PAD
    0x08017418   0x08017418   0x00000050   Code   RO         2882    .text._Z8LimitMaxff  math_support.o
    0x08017468   0x08017468   0x0000002a   Code   RO         2949    .text._ZL14crc_ccitt_byteth  motor_ys.o
    0x08017492   0x08017492   0x00000006   PAD
    0x08017498   0x08017498   0x0000002a   Code   RO         3094    .text._ZL14crc_ccitt_byteth  motor_task.o
    0x080174c2   0x080174c2   0x00000006   PAD
    0x080174c8   0x080174c8   0x00000038   Code   RO         2937    .text._ZL9crc_ccittPKhj  motor_ys.o
    0x08017500   0x08017500   0x00000038   Code   RO         3062    .text._ZL9crc_ccittPKhj  motor_task.o
    0x08017538   0x08017538   0x000000e4   Code   RO         3015    .text._ZN14Class_Motor_DJ13can_send_DataEv  motor_dj.o
    0x0801761c   0x0801761c   0x00000004   PAD
    0x08017620   0x08017620   0x000000ea   Code   RO         3019    .text._ZN14Class_Motor_DJ18PID_Calculate_DataEv  motor_dj.o
    0x0801770a   0x0801770a   0x00000006   PAD
    0x08017710   0x08017710   0x00000160   Code   RO         3013    .text._ZN14Class_Motor_DJ4InitEP19FDCAN_HandleTypeDeft14motor_DJ_ModelRK21motor_DJ_Control_mode  motor_dj.o
    0x08017870   0x08017870   0x00000014   Code   RO         3152    .text._ZN14Class_Motor_DJ5Set_TERKf  motor_task.o
    0x08017884   0x08017884   0x00000004   PAD
    0x08017888   0x08017888   0x00000014   Code   RO         3154    .text._ZN14Class_Motor_DJ5Set_WERKf  motor_task.o
    0x0801789c   0x0801789c   0x00000004   PAD
    0x080178a0   0x080178a0   0x00000014   Code   RO         3150    .text._ZN14Class_Motor_DJ7Set_PosERKf  motor_task.o
    0x080178b4   0x080178b4   0x00000004   PAD
    0x080178b8   0x080178b8   0x0000014c   Code   RO         3021    .text._ZN14Class_Motor_DJ8can_recvEPh  motor_dj.o
    0x08017a04   0x08017a04   0x00000004   PAD
    0x08017a08   0x08017a08   0x0000003c   Code   RO         3116    .text._ZN14Class_Motor_DJC2Ev  motor_task.o
    0x08017a44   0x08017a44   0x00000004   PAD
    0x08017a48   0x08017a48   0x00000080   Code   RO         2989    .text._ZN14Class_Motor_DM4InitEP19FDCAN_HandleTypeDeftRK14motor_DM_ModelRK18Enum_Motor_DM_Mode  motor_dm.o
    0x08017ac8   0x08017ac8   0x00000012   Code   RO         3210    .text._ZN14Class_Motor_DM5Set_TERKf  motor_task.o
    0x08017ada   0x08017ada   0x00000006   PAD
    0x08017ae0   0x08017ae0   0x00000012   Code   RO         3212    .text._ZN14Class_Motor_DM5Set_WERKf  motor_task.o
    0x08017af2   0x08017af2   0x00000006   PAD
    0x08017af8   0x08017af8   0x00000012   Code   RO         3216    .text._ZN14Class_Motor_DM6Set_KdERKf  motor_task.o
    0x08017b0a   0x08017b0a   0x00000006   PAD
    0x08017b10   0x08017b10   0x00000012   Code   RO         3214    .text._ZN14Class_Motor_DM6Set_KpERKf  motor_task.o
    0x08017b22   0x08017b22   0x00000006   PAD
    0x08017b28   0x08017b28   0x0000001e   Code   RO         2991    .text._ZN14Class_Motor_DM6enableEv  motor_dm.o
    0x08017b46   0x08017b46   0x00000002   PAD
    0x08017b48   0x08017b48   0x00000012   Code   RO         3208    .text._ZN14Class_Motor_DM7Set_PosERKf  motor_task.o
    0x08017b5a   0x08017b5a   0x00000006   PAD
    0x08017b60   0x08017b60   0x000000b4   Code   RO         2999    .text._ZN14Class_Motor_DM8can_recvEPh  motor_dm.o
    0x08017c14   0x08017c14   0x00000004   PAD
    0x08017c18   0x08017c18   0x00000114   Code   RO         2997    .text._ZN14Class_Motor_DM8can_sendEv  motor_dm.o
    0x08017d2c   0x08017d2c   0x00000004   PAD
    0x08017d30   0x08017d30   0x00000012   Code   RO         3206    .text._ZN14Class_Motor_DM9Set_AngleERKf  motor_task.o
    0x08017d42   0x08017d42   0x00000006   PAD
    0x08017d48   0x08017d48   0x00000012   Code   RO         3120    .text._ZN14Class_Motor_DMC2Ev  motor_task.o
    0x08017d5a   0x08017d5a   0x00000006   PAD
    0x08017d60   0x08017d60   0x00000012   Code   RO         3148    .text._ZN14Class_Motor_LZ10Set_StatusERK20Enum_Motor_LZ_Status  motor_task.o
    0x08017d72   0x08017d72   0x00000006   PAD
    0x08017d78   0x08017d78   0x00000044   Code   RO         2968    .text._ZN14Class_Motor_LZ11active_recvEh  motor_lz.o
    0x08017dbc   0x08017dbc   0x00000004   PAD
    0x08017dc0   0x08017dc0   0x00000080   Code   RO         2960    .text._ZN14Class_Motor_LZ4InitEP19FDCAN_HandleTypeDeftRK14motor_LZ_ModelRK18Enum_Motor_LZ_Mode  motor_lz.o
    0x08017e40   0x08017e40   0x00000012   Code   RO         3140    .text._ZN14Class_Motor_LZ5Set_TERKf  motor_task.o
    0x08017e52   0x08017e52   0x00000006   PAD
    0x08017e58   0x08017e58   0x00000012   Code   RO         3142    .text._ZN14Class_Motor_LZ5Set_WERKf  motor_task.o
    0x08017e6a   0x08017e6a   0x00000006   PAD
    0x08017e70   0x08017e70   0x00000012   Code   RO         3146    .text._ZN14Class_Motor_LZ6Set_KdERKf  motor_task.o
    0x08017e82   0x08017e82   0x00000006   PAD
    0x08017e88   0x08017e88   0x00000012   Code   RO         3144    .text._ZN14Class_Motor_LZ6Set_KpERKf  motor_task.o
    0x08017e9a   0x08017e9a   0x00000006   PAD
    0x08017ea0   0x08017ea0   0x00000032   Code   RO         2964    .text._ZN14Class_Motor_LZ6enableEv  motor_lz.o
    0x08017ed2   0x08017ed2   0x00000006   PAD
    0x08017ed8   0x08017ed8   0x00000012   Code   RO         3138    .text._ZN14Class_Motor_LZ7Set_PosERKf  motor_task.o
    0x08017eea   0x08017eea   0x00000006   PAD
    0x08017ef0   0x08017ef0   0x000000aa   Code   RO         2974    .text._ZN14Class_Motor_LZ8can_recvEjPh  motor_lz.o
    0x08017f9a   0x08017f9a   0x00000006   PAD
    0x08017fa0   0x08017fa0   0x000001cc   Code   RO         2976    .text._ZN14Class_Motor_LZ8can_sendEv  motor_lz.o
    0x0801816c   0x0801816c   0x00000004   PAD
    0x08018170   0x08018170   0x00000012   Code   RO         3136    .text._ZN14Class_Motor_LZ9Set_AngleERKf  motor_task.o
    0x08018182   0x08018182   0x00000006   PAD
    0x08018188   0x08018188   0x00000024   Code   RO         2962    .text._ZN14Class_Motor_LZ9send_dataEj  motor_lz.o
    0x080181ac   0x080181ac   0x00000004   PAD
    0x080181b0   0x080181b0   0x00000012   Code   RO         3114    .text._ZN14Class_Motor_LZC2Ev  motor_task.o
    0x080181c2   0x080181c2   0x00000006   PAD
    0x080181c8   0x080181c8   0x00000034   Code   RO         2933    .text._ZN14Class_Motor_YS4InitEP20__UART_HandleTypeDeftRK18Enum_Motor_YS_Mode  motor_ys.o
    0x080181fc   0x080181fc   0x00000004   PAD
    0x08018200   0x08018200   0x00000024   Code   RO         2945    .text._ZN14Class_Motor_YS4zeroEv  motor_ys.o
    0x08018224   0x08018224   0x00000004   PAD
    0x08018228   0x08018228   0x00000012   Code   RO         3182    .text._ZN14Class_Motor_YS5Set_TERKf  motor_task.o
    0x0801823a   0x0801823a   0x00000006   PAD
    0x08018240   0x08018240   0x00000012   Code   RO         3184    .text._ZN14Class_Motor_YS5Set_WERKf  motor_task.o
    0x08018252   0x08018252   0x00000006   PAD
    0x08018258   0x08018258   0x00000012   Code   RO         3188    .text._ZN14Class_Motor_YS6Set_KdERKf  motor_task.o
    0x0801826a   0x0801826a   0x00000006   PAD
    0x08018270   0x08018270   0x00000012   Code   RO         3186    .text._ZN14Class_Motor_YS6Set_KpERKf  motor_task.o
    0x08018282   0x08018282   0x00000006   PAD
    0x08018288   0x08018288   0x00000014   Code   RO         2941    .text._ZN14Class_Motor_YS6enableEv  motor_ys.o
    0x0801829c   0x0801829c   0x00000004   PAD
    0x080182a0   0x080182a0   0x00000012   Code   RO         3180    .text._ZN14Class_Motor_YS7Set_PosERKf  motor_task.o
    0x080182b2   0x080182b2   0x00000006   PAD
    0x080182b8   0x080182b8   0x00000012   Code   RO         3178    .text._ZN14Class_Motor_YS9Set_AngleERKf  motor_task.o
    0x080182ca   0x080182ca   0x00000006   PAD
    0x080182d0   0x080182d0   0x0000012c   Code   RO         2947    .text._ZN14Class_Motor_YS9UART_recvEPh  motor_ys.o
    0x080183fc   0x080183fc   0x00000004   PAD
    0x08018400   0x08018400   0x00000022   Code   RO         2939    .text._ZN14Class_Motor_YS9UART_sendEv  motor_ys.o
    0x08018422   0x08018422   0x00000006   PAD
    0x08018428   0x08018428   0x00000228   Code   RO         2935    .text._ZN14Class_Motor_YS9send_dataEv  motor_ys.o
    0x08018650   0x08018650   0x00000012   Code   RO         3118    .text._ZN14Class_Motor_YSC2Ev  motor_task.o
    0x08018662   0x08018662   0x00000006   PAD
    0x08018668   0x08018668   0x00000012   Code   RO         3033    .text._ZN9Class_PID10Set_TargetERKf  motor_dj.o
    0x0801867a   0x0801867a   0x00000006   PAD
    0x08018680   0x08018680   0x000000c4   Code   RO         2865    .text._ZN9Class_PID4CoutEv  alg_pid.o
    0x08018744   0x08018744   0x00000004   PAD
    0x08018748   0x08018748   0x00000052   Code   RO         2863    .text._ZN9Class_PID4InitERKfS1_S1_S1_ff  alg_pid.o
    0x0801879a   0x0801879a   0x00000006   PAD
    0x080187a0   0x080187a0   0x00000012   Code   RO         3035    .text._ZN9Class_PID7Set_NowERKf  motor_dj.o
    0x080187b2   0x080187b2   0x00000006   PAD
    0x080187b8   0x080187b8   0x00000022   Code   RO         3218    .text._ZN9Class_PIDC2Ev  motor_task.o
    0x080187da   0x080187da   0x00000006   PAD
    0x080187e0   0x080187e0   0x0000000e   Code   RO         3156    .text._ZNK14Class_Motor_DJ11Get_Now_posEv  motor_task.o
    0x080187ee   0x080187ee   0x00000002   PAD
    0x080187f0   0x080187f0   0x0000000e   Code   RO         3158    .text._ZNK14Class_Motor_DJ9Get_Now_TEv  motor_task.o
    0x080187fe   0x080187fe   0x00000002   PAD
    0x08018800   0x08018800   0x0000000e   Code   RO         3160    .text._ZNK14Class_Motor_DJ9Get_Now_WEv  motor_task.o
    0x0801880e   0x0801880e   0x00000002   PAD
    0x08018810   0x08018810   0x0000000c   Code   RO         3190    .text._ZNK14Class_Motor_DM10Get_MErrorEv  motor_task.o
    0x0801881c   0x0801881c   0x00000004   PAD
    0x08018820   0x08018820   0x0000000e   Code   RO         3196    .text._ZNK14Class_Motor_DM11Get_Now_PosEv  motor_task.o
    0x0801882e   0x0801882e   0x00000002   PAD
    0x08018830   0x08018830   0x0000000e   Code   RO         3194    .text._ZNK14Class_Motor_DM13Get_Now_AngleEv  motor_task.o
    0x0801883e   0x0801883e   0x00000002   PAD
    0x08018840   0x08018840   0x0000000e   Code   RO         3204    .text._ZNK14Class_Motor_DM19Get_mos_TemperatureEv  motor_task.o
    0x0801884e   0x0801884e   0x00000002   PAD
    0x08018850   0x08018850   0x0000000e   Code   RO         3202    .text._ZNK14Class_Motor_DM21Get_motor_TemperatureEv  motor_task.o
    0x0801885e   0x0801885e   0x00000002   PAD
    0x08018860   0x08018860   0x0000000c   Code   RO         3192    .text._ZNK14Class_Motor_DM8Get_modeEv  motor_task.o
    0x0801886c   0x0801886c   0x00000004   PAD
    0x08018870   0x08018870   0x0000000e   Code   RO         3200    .text._ZNK14Class_Motor_DM9Get_Now_TEv  motor_task.o
    0x0801887e   0x0801887e   0x00000002   PAD
    0x08018880   0x08018880   0x0000000e   Code   RO         3198    .text._ZNK14Class_Motor_DM9Get_Now_WEv  motor_task.o
    0x0801888e   0x0801888e   0x00000002   PAD
    0x08018890   0x08018890   0x0000000c   Code   RO         3122    .text._ZNK14Class_Motor_LZ10Get_MErrorEv  motor_task.o
    0x0801889c   0x0801889c   0x00000004   PAD
    0x080188a0   0x080188a0   0x0000000e   Code   RO         3128    .text._ZNK14Class_Motor_LZ11Get_Now_PosEv  motor_task.o
    0x080188ae   0x080188ae   0x00000002   PAD
    0x080188b0   0x080188b0   0x0000000e   Code   RO         3126    .text._ZNK14Class_Motor_LZ13Get_Now_AngleEv  motor_task.o
    0x080188be   0x080188be   0x00000002   PAD
    0x080188c0   0x080188c0   0x0000000e   Code   RO         3134    .text._ZNK14Class_Motor_LZ19Get_Now_TemperatureEv  motor_task.o
    0x080188ce   0x080188ce   0x00000002   PAD
    0x080188d0   0x080188d0   0x0000000c   Code   RO         3124    .text._ZNK14Class_Motor_LZ8Get_modeEv  motor_task.o
    0x080188dc   0x080188dc   0x00000004   PAD
    0x080188e0   0x080188e0   0x0000000e   Code   RO         3132    .text._ZNK14Class_Motor_LZ9Get_Now_TEv  motor_task.o
    0x080188ee   0x080188ee   0x00000002   PAD
    0x080188f0   0x080188f0   0x0000000e   Code   RO         3130    .text._ZNK14Class_Motor_LZ9Get_Now_WEv  motor_task.o
    0x080188fe   0x080188fe   0x00000002   PAD
    0x08018900   0x08018900   0x0000000c   Code   RO         3164    .text._ZNK14Class_Motor_YS10Get_MErrorEv  motor_task.o
    0x0801890c   0x0801890c   0x00000004   PAD
    0x08018910   0x08018910   0x0000000e   Code   RO         3170    .text._ZNK14Class_Motor_YS11Get_Now_PosEv  motor_task.o
    0x0801891e   0x0801891e   0x00000002   PAD
    0x08018920   0x08018920   0x0000000e   Code   RO         3168    .text._ZNK14Class_Motor_YS13Get_Now_AngleEv  motor_task.o
    0x0801892e   0x0801892e   0x00000002   PAD
    0x08018930   0x08018930   0x0000000e   Code   RO         3176    .text._ZNK14Class_Motor_YS19Get_Now_TemperatureEv  motor_task.o
    0x0801893e   0x0801893e   0x00000002   PAD
    0x08018940   0x08018940   0x0000000c   Code   RO         3166    .text._ZNK14Class_Motor_YS8Get_modeEv  motor_task.o
    0x0801894c   0x0801894c   0x00000004   PAD
    0x08018950   0x08018950   0x0000000e   Code   RO         3162    .text._ZNK14Class_Motor_YS9Get_AngleEv  motor_task.o
    0x0801895e   0x0801895e   0x00000002   PAD
    0x08018960   0x08018960   0x0000000e   Code   RO         3174    .text._ZNK14Class_Motor_YS9Get_Now_TEv  motor_task.o
    0x0801896e   0x0801896e   0x00000002   PAD
    0x08018970   0x08018970   0x0000000e   Code   RO         3172    .text._ZNK14Class_Motor_YS9Get_Now_WEv  motor_task.o
    0x0801897e   0x0801897e   0x00000002   PAD
    0x08018980   0x08018980   0x0000000e   Code   RO         3037    .text._ZNK9Class_PID7Get_OutEv  motor_dj.o
    0x0801898e   0x0801898e   0x00000002   PAD
    0x08018990   0x08018990   0x00000030   Code   RO         1133    .text.__NVIC_EnableIRQ  stm32h7xx_hal_cortex.o
    0x080189c0   0x080189c0   0x00000010   Code   RO         1125    .text.__NVIC_GetPriorityGrouping  stm32h7xx_hal_cortex.o
    0x080189d0   0x080189d0   0x00000042   Code   RO         1127    .text.__NVIC_SetPriority  stm32h7xx_hal_cortex.o
    0x08018a12   0x08018a12   0x00000006   PAD
    0x08018a18   0x08018a18   0x0000003c   Code   RO         1121    .text.__NVIC_SetPriorityGrouping  stm32h7xx_hal_cortex.o
    0x08018a54   0x08018a54   0x00000004   PAD
    0x08018a58   0x08018a58   0x00000010   Code   RO         3040    .text.__cxx_global_var_init  motor_task.o
    0x08018a68   0x08018a68   0x00000010   Code   RO         3042    .text.__cxx_global_var_init.1  motor_task.o
    0x08018a78   0x08018a78   0x00000010   Code   RO         3044    .text.__cxx_global_var_init.2  motor_task.o
    0x08018a88   0x08018a88   0x00000010   Code   RO         3046    .text.__cxx_global_var_init.3  motor_task.o
    0x08018a98   0x08018a98   0x00000150   Code   RO           11    .text.main          main.o
    0x08018be8   0x08018be8   0x000000a6   Code   RO         3090    .text.motor_task    motor_task.o
    0x08018c8e   0x08018c8e   0x00000002   PAD
    0x08018c90   0x08018c90   0x000000ea   Code   RO         3088    .text.motor_task_init  motor_task.o
    0x08018d7a   0x08018d7a   0x0000001a   Code   RO         3313    x$fpl$fpinit        fz_wv.l(fpinit.o)
    0x08018d94   0x08018d94   0x0000004c   Data   RO         2005    .rodata..L__const.HAL_FDCAN_Init.CvtEltSize  stm32h7xx_hal_fdcan.o
    0x08018de0   0x08018de0   0x00000010   Data   RO         2685    .rodata.D1CorePrescTable  system_stm32h7xx.o
    0x08018df0   0x08018df0   0x00000010   Data   RO         2006    .rodata.DLCtoBytes  stm32h7xx_hal_fdcan.o
    0x08018e00   0x08018e00   0x00000008   Data   RO          913    .rodata.DMA_CalcBaseAndBitshift.flagBitshiftOffset  stm32h7xx_hal_dma.o
    0x08018e08   0x08018e08   0x00000004   Data   RO         2887    .rodata.MATH_DEG_TO_RAD  math_support.o
    0x08018e0c   0x08018e0c   0x00000004   Data   RO         2886    .rodata.MATH_RPM_TO_RADPS  math_support.o
    0x08018e10   0x08018e10   0x00000008   Data   RO         2671    .rodata.UARTEx_SetNbDataToProcess.denominator  stm32h7xx_hal_uart_ex.o
    0x08018e18   0x08018e18   0x00000008   Data   RO         2670    .rodata.UARTEx_SetNbDataToProcess.numerator  stm32h7xx_hal_uart_ex.o
    0x08018e20   0x08018e20   0x00000018   Data   RO         2626    .rodata.UARTPrescTable  stm32h7xx_hal_uart.o
    0x08018e38   0x08018e38   0x00000200   Data   RO         2952    .rodata._ZL15crc_ccitt_table  motor_ys.o
    0x08019038   0x08019038   0x00000200   Data   RO         3106    .rodata._ZL15crc_ccitt_table  motor_task.o
    0x08019238   0x08019238   0x00000042   Data   RO          313    .rodata.str1.1      usbd_desc.o
    0x0801927a   0x0801927a   0x00000002   PAD
    0x0801927c   0x0801927c   0x00000030   Data   RO         3414    Region$$Table       anon$$obj.o
    0x080192ac   0x080192ac   0x00000004   Data   RO         3107    .init_array         motor_task.o
    0x080192b0   0x080192ac   0x00000000   Data   RO         3233    .init_array         c_w.l(init_aeabi.o)


    Execution Region RW_IRAM1 (Exec base: 0x20000000, Load base: 0x080192b0, Size: 0x000090a0, Max: 0x00020000, ABSOLUTE)

    Exec Addr    Load Addr    Size         Type   Attr      Idx    E Section Name        Object

    0x20000000   0x080192b0   0x00000001   Data   RW         2841    .data.CDCCmdEpAdd   usbd_cdc.o
    0x20000001   0x080192b1   0x00000001   Data   RW         2839    .data.CDCInEpAdd    usbd_cdc.o
    0x20000002   0x080192b2   0x00000001   Data   RW         2840    .data.CDCOutEpAdd   usbd_cdc.o
    0x20000003   0x080192b3   0x00000001   PAD
    0x20000004   0x080192b4   0x00000020   Data   RW          308    .data.HS_Desc       usbd_desc.o
    0x20000024   0x080192d4   0x00000004   Data   RW         2683    .data.SystemCoreClock  system_stm32h7xx.o
    0x20000028   0x080192d8   0x00000004   Data   RW         2684    .data.SystemD2Clock  system_stm32h7xx.o
    0x2000002c   0x080192dc   0x00000038   Data   RW         2837    .data.USBD_CDC      usbd_cdc.o
    0x20000064   0x08019314   0x00000043   Data   RW         2842    .data.USBD_CDC_CfgDesc  usbd_cdc.o
    0x200000a7   0x08019357   0x00000001   PAD
    0x200000a8   0x08019358   0x0000000a   Data   RW         2838    .data.USBD_CDC_DeviceQualifierDesc  usbd_cdc.o
    0x200000b2   0x08019362   0x00000002   PAD
    0x200000b4   0x08019364   0x00000012   Data   RW          309    .data.USBD_HS_DeviceDesc  usbd_desc.o
    0x200000c6   0x08019376   0x00000002   PAD
    0x200000c8   0x08019378   0x00000014   Data   RW          334    .data.USBD_Interface_fops_HS  usbd_cdc_if.o
    0x200000dc   0x0801938c   0x00000004   Data   RW          311    .data.USBD_LangIDDesc  usbd_desc.o
    0x200000e0   0x08019390   0x0000001a   Data   RW          312    .data.USBD_StringSerial  usbd_desc.o
    0x200000fa   0x080193aa   0x00000008   Data   RW         3001    .data._ZL25motor_send_DM_Data_enable  motor_dm.o
    0x20000102   0x080193b2   0x00000008   Data   RW         2980    .data.motor_send_LZ_Data_active_recv  motor_lz.o
    0x2000010a   0x080193ba   0x00000001   Data   RW         1305    .data.uwTickFreq    stm32h7xx_hal.o
    0x2000010b   0x080193bb   0x00000001   PAD
    0x2000010c   0x080193bc   0x00000004   Data   RW         1304    .data.uwTickPrio    stm32h7xx_hal.o
    0x20000110        -       0x00000060   Zero   RW         3338    .bss                c_w.l(libspace.o)
    0x20000170        -       0x00000038   Zero   RW         2907    .bss.CAN1_Manage_Object  bsp_fdcan.o
    0x200001a8        -       0x00000038   Zero   RW         2908    .bss.CAN2_Manage_Object  bsp_fdcan.o
    0x200001e0        -       0x00000038   Zero   RW         2909    .bss.CAN3_Manage_Object  bsp_fdcan.o
    0x20000218        -       0x00000009   Zero   RW         3023    .bss.CAN_Send_bl    motor_dj.o
    0x20000221   0x080193c0   0x00000003   PAD
    0x20000224        -       0x00000004   Zero   RW           86    .bss.HAL_RCC_FDCAN_CLK_ENABLED  fdcan.o
    0x20000228        -       0x00000001   Zero   RW         2778    .bss.USBD_SetConfig.cfgidx  usbd_ctlreq.o
    0x20000229   0x080193c0   0x00000003   PAD
    0x2000022c        -       0x00000200   Zero   RW          314    .bss.USBD_StrDesc   usbd_desc.o
    0x2000042c        -       0x00000220   Zero   RW          407    .bss.USBD_static_malloc.mem  usbd_conf.o
    0x2000064c        -       0x00000004   Zero   RW         2923    .bss.Usart2_Callback_Function  bsp_rs485.o
    0x20000650        -       0x00000004   Zero   RW         2924    .bss.Usart3_Callback_Function  bsp_rs485.o
    0x20000654        -       0x00000800   Zero   RW          335    .bss.UserRxBufferHS  usbd_cdc_if.o
    0x20000e54        -       0x00000800   Zero   RW          336    .bss.UserTxBufferHS  usbd_cdc_if.o
    0x20001654        -       0x00000008   Zero   RW         3025    .bss._ZL17CAN_0x1ff_Tx_Data  motor_dj.o
    0x2000165c        -       0x00000008   Zero   RW         3024    .bss._ZL17CAN_0x200_Tx_Data  motor_dj.o
    0x20001664        -       0x00000008   Zero   RW         3026    .bss._ZL17CAN_0x2ff_Tx_Data  motor_dj.o
    0x2000166c        -       0x00000008   Zero   RW         3005    .bss._ZL18motor_send_DM_Data  motor_dm.o
    0x20001674        -       0x0000000a   Zero   RW         3004    .bss._ZZN14Class_Motor_DM8can_sendEvE5motor  motor_dm.o
    0x2000167e   0x080193c0   0x00000002   PAD
    0x20001680        -       0x000002dc   Zero   RW          281    .bss.hUsbDeviceHS   usb_device.o
    0x2000195c        -       0x00000070   Zero   RW           45    .bss.hadc1          adc.o
    0x200019cc        -       0x00000070   Zero   RW           46    .bss.hadc3          adc.o
    0x20001a3c        -       0x00000078   Zero   RW           47    .bss.hdma_adc1      adc.o
    0x20001ab4        -       0x00000078   Zero   RW           48    .bss.hdma_adc3      adc.o
    0x20001b2c        -       0x00000078   Zero   RW           66    .bss.hdma_memtomem_dma2_stream6  dma.o
    0x20001ba4        -       0x00000078   Zero   RW          101    .bss.hdma_spi2_rx   spi.o
    0x20001c1c        -       0x00000078   Zero   RW          102    .bss.hdma_spi2_tx   spi.o
    0x20001c94        -       0x00000078   Zero   RW          164    .bss.hdma_uart5_rx  usart.o
    0x20001d0c        -       0x00000078   Zero   RW          165    .bss.hdma_uart7_rx  usart.o
    0x20001d84        -       0x00000078   Zero   RW          166    .bss.hdma_uart7_tx  usart.o
    0x20001dfc        -       0x00000078   Zero   RW          173    .bss.hdma_usart10_rx  usart.o
    0x20001e74        -       0x00000078   Zero   RW          174    .bss.hdma_usart10_tx  usart.o
    0x20001eec        -       0x00000078   Zero   RW          167    .bss.hdma_usart1_rx  usart.o
    0x20001f64        -       0x00000078   Zero   RW          168    .bss.hdma_usart1_tx  usart.o
    0x20001fdc        -       0x00000078   Zero   RW          169    .bss.hdma_usart2_rx  usart.o
    0x20002054        -       0x00000078   Zero   RW          170    .bss.hdma_usart2_tx  usart.o
    0x200020cc        -       0x00000078   Zero   RW          171    .bss.hdma_usart3_rx  usart.o
    0x20002144        -       0x00000078   Zero   RW          172    .bss.hdma_usart3_tx  usart.o
    0x200021bc        -       0x000000a0   Zero   RW           83    .bss.hfdcan1        fdcan.o
    0x2000225c        -       0x000000a0   Zero   RW           84    .bss.hfdcan2        fdcan.o
    0x200022fc        -       0x000000a0   Zero   RW           85    .bss.hfdcan3        fdcan.o
    0x2000239c        -       0x000004e4   Zero   RW          406    .bss.hpcd_USB_OTG_HS  usbd_conf.o
    0x20002880        -       0x00000088   Zero   RW          100    .bss.hspi2          spi.o
    0x20002908        -       0x0000004c   Zero   RW          130    .bss.htim1          tim.o
    0x20002954        -       0x0000004c   Zero   RW          131    .bss.htim2          tim.o
    0x200029a0        -       0x0000004c   Zero   RW          132    .bss.htim3          tim.o
    0x200029ec        -       0x0000004c   Zero   RW          133    .bss.htim7          tim.o
    0x20002a38        -       0x0000004c   Zero   RW          134    .bss.htim8          tim.o
    0x20002a84        -       0x00000094   Zero   RW          160    .bss.huart1         usart.o
    0x20002b18        -       0x00000094   Zero   RW          163    .bss.huart10        usart.o
    0x20002bac        -       0x00000094   Zero   RW          161    .bss.huart2         usart.o
    0x20002c40        -       0x00000094   Zero   RW          162    .bss.huart3         usart.o
    0x20002cd4        -       0x00000094   Zero   RW          158    .bss.huart5         usart.o
    0x20002d68        -       0x00000094   Zero   RW          159    .bss.huart7         usart.o
    0x20002dfc        -       0x000000e8   Zero   RW         3100    .bss.motor_DJ       motor_task.o
    0x20002ee4        -       0x0000004c   Zero   RW         3102    .bss.motor_YS       motor_task.o
    0x20002f30        -       0x00000028   Zero   RW         3101    .bss.motor_dj_data  motor_task.o
    0x20002f58        -       0x00000050   Zero   RW         3104    .bss.motor_dm       motor_task.o
    0x20002fa8        -       0x00000034   Zero   RW         3105    .bss.motor_dm_data  motor_task.o
    0x20002fdc        -       0x0000004c   Zero   RW         3098    .bss.motor_lz       motor_task.o
    0x20003028        -       0x00000030   Zero   RW         3099    .bss.motor_lz_data  motor_task.o
    0x20003058        -       0x00000008   Zero   RW         2978    .bss.motor_send_LZ_Data  motor_lz.o
    0x20003060        -       0x00000008   Zero   RW         2979    .bss.motor_send_LZ_Data_lose_enable  motor_lz.o
    0x20003068        -       0x00000030   Zero   RW         3103    .bss.motor_ys_data  motor_task.o
    0x20003098        -       0x00000003   Zero   RW         2906    .bss.system_can     bsp_fdcan.o
    0x2000309b   0x080193c0   0x00000001   PAD
    0x2000309c        -       0x00000004   Zero   RW         1306    .bss.uwTick         stm32h7xx_hal.o
    0x200030a0        -       0x00002000   Zero   RW            2    HEAP                startup_stm32h723xx.o
    0x200050a0        -       0x00004000   Zero   RW            1    STACK               startup_stm32h723xx.o


    Execution Region RW_IRAM2 (Exec base: 0x24000000, Load base: 0x080193c0, Size: 0x00000054, Max: 0x00020000, ABSOLUTE)

    Exec Addr    Load Addr    Size         Type   Attr      Idx    E Section Name        Object

    0x24000000   0x080193c0   0x00000031   Data   RW         2925    .AXI_SRAM           bsp_rs485.o
    0x24000031   0x080193f1   0x00000021   Data   RW         2951    .AXI_SRAM           motor_ys.o


    Execution Region RW_IRAM3 (Exec base: 0x30000000, Load base: 0x08019414, Size: 0x00000000, Max: 0x00004000, ABSOLUTE)

    **** No section assigned to this execution region ****


    Execution Region RW_IRAM4 (Exec base: 0x30004000, Load base: 0x08019414, Size: 0x00000000, Max: 0x00004000, ABSOLUTE)

    **** No section assigned to this execution region ****


    Execution Region RW_IRAM5 (Exec base: 0x38000000, Load base: 0x08019414, Size: 0x00000000, Max: 0x00004000, ABSOLUTE)

    **** No section assigned to this execution region ****


==============================================================================

Image component sizes


      Code (inc. data)   RO Data    RW Data    ZI Data      Debug   Object Name

       822          0          0          0        464       9643   adc.o
       278          0          0          0          0      16015   alg_pid.o
        56          0          0          0          0       5204   bdma.o
       904          0          0          0        171      16806   bsp_fdcan.o
       358          0          0         49          8      13418   bsp_rs485.o
       414          0          0          0        120       7259   dma.o
      1040          0          0          0        484      11887   fdcan.o
       318          0          0          0          0       3005   gpio.o
       698          0          0          0          0       6126   main.o
       346          0          8          0          0      16024   math_support.o
      1596          4          0          0         33      21824   motor_dj.o
       614          8          0          8         18      18708   motor_dm.o
       912         12          0          8         16      19903   motor_lz.o
      3430          4        516          0        652      38374   motor_task.o
      1092         80        512         33          0      19454   motor_ys.o
       584          0          0          0        376      11427   spi.o
        64         26        716          0      24576        828   startup_stm32h723xx.o
       360          0          0          5          4      14596   stm32h7xx_hal.o
      5568          0          0          0          0      25038   stm32h7xx_hal_adc.o
       690          0          0          0          0      23613   stm32h7xx_hal_adc_ex.o
       688          0          0          0          0      11471   stm32h7xx_hal_cortex.o
     15540          8          8          0          0      12445   stm32h7xx_hal_dma.o
      5372          0         92          0          0      33547   stm32h7xx_hal_fdcan.o
       982          0          0          0          0       6961   stm32h7xx_hal_gpio.o
        36          0          0          0          0       2209   stm32h7xx_hal_msp.o
      5038          0          0          0          0      14318   stm32h7xx_hal_pcd.o
       246          0          0          0          0       5478   stm32h7xx_hal_pcd_ex.o
       180          0          0          0          0       9291   stm32h7xx_hal_pwr_ex.o
      4694         66          0          0          0      11362   stm32h7xx_hal_rcc.o
      9792        118          0          0          0      18602   stm32h7xx_hal_rcc_ex.o
      1974          0          0          0          0      20730   stm32h7xx_hal_spi.o
      4576         22          0          0          0      37547   stm32h7xx_hal_tim.o
       706          0          0          0          0      18113   stm32h7xx_hal_tim_ex.o
      7162        342         24          0          0      29357   stm32h7xx_hal_uart.o
       770          0         16          0          0       8871   stm32h7xx_hal_uart_ex.o
       546          0          0          0          0       4082   stm32h7xx_it.o
      5098          0          0          0          0      19870   stm32h7xx_ll_usb.o
       314          0         16          8          0       5164   system_stm32h7xx.o
      1398          0          0          0        380      12505   tim.o
      3022          0          0          0       2208      14111   usart.o
       122          0          0          0        732       3119   usb_device.o
      2370         12          0        136          0      11023   usbd_cdc.o
       206         36          0         20       4096       2577   usbd_cdc_if.o
      1348          4          0          0       1796      18264   usbd_conf.o
      2130          0          0          0          0       8962   usbd_core.o
      3466         46          0          0          1       8598   usbd_ctlreq.o
       572          0         66         80        512       3461   usbd_desc.o
       232          0          0          0          0       4181   usbd_ioreq.o

    ----------------------------------------------------------------------
    100186        808       2024        356      36656     655371   Object Totals
         0          0         48          0          0          0   (incl. Generated)
      1462         20          2          9          9          0   (incl. Padding)

    ----------------------------------------------------------------------

      Code (inc. data)   RO Data    RW Data    ZI Data      Debug   Library Member Name

        58          0          0          0          0          0   __dczerorl.o
         8          0          0          0          0         68   __main.o
         0          0          0          0          0          0   __rtentry.o
        12          0          0          0          0          0   __rtentry2.o
         6          0          0          0          0          0   __rtentry4.o
        94          8          0          0          0          0   __scatter.o
        26          0          0          0          0          0   __scatter_copy.o
        28          0          0          0          0          0   __scatter_zi.o
        18          0          0          0          0         80   exit.o
         6          0          0          0          0        152   heapauxi.o
         0          0          0          0          0          0   indicate_semi.o
        44          8          0          0          0         80   init_aeabi.o
         2          0          0          0          0          0   libinit.o
        10          0          0          0          0          0   libinit2.o
         2          0          0          0          0          0   libshutdown.o
         2          0          0          0          0          0   libshutdown2.o
         8          4          0          0         96         68   libspace.o
       240          0          0          0          0        100   lludivv7m.o
        78          0          0          0          0         80   rt_memclr_w.o
       100          0          0          0          0         80   rt_memcpy_w.o
         2          0          0          0          0          0   rtexit.o
        10          0          0          0          0          0   rtexit2.o
        12          4          0          0          0         68   sys_exit.o
        74          0          0          0          0         80   sys_stackheap_outer.o
         2          0          0          0          0         68   use_no_semi.o
        26          0          0          0          0        116   fpinit.o

    ----------------------------------------------------------------------
       878         24          0          0         96       1040   Library Totals
        10          0          0          0          0          0   (incl. Padding)

    ----------------------------------------------------------------------

      Code (inc. data)   RO Data    RW Data    ZI Data      Debug   Library Name

       842         24          0          0         96        924   c_w.l
        26          0          0          0          0        116   fz_wv.l

    ----------------------------------------------------------------------
       878         24          0          0         96       1040   Library Totals

    ----------------------------------------------------------------------

==============================================================================


      Code (inc. data)   RO Data    RW Data    ZI Data      Debug   

    101064        832       2024        356      36752     655263   Grand Totals
    101064        832       2024        356      36752     655263   ELF Image Totals
    101064        832       2024        356          0          0   ROM Totals

==============================================================================

    Total RO  Size (Code + RO Data)               103088 ( 100.67kB)
    Total RW  Size (RW Data + ZI Data)             37108 (  36.24kB)
    Total ROM Size (Code + RO Data + RW Data)     103444 ( 101.02kB)

==============================================================================

