<html>
<body>
<pre>
<h1>µVision Build Log</h1>
<h2>Tool Versions:</h2>
IDE-Version: ¦ÌVision V5.42.0.0
Copyright (C) 2025 ARM Ltd and ARM Germany GmbH. All rights reserved.
License Information: 1 2015967035@qq.com, 1, LIC=ZB4EI-TVZYY-45RT5-GHGQS-CKLDP-G7BZX
 
Tool Versions:
Toolchain:       MDK-ARM Plus  Version: 5.42.0.0
Toolchain Path:  E:\keil5\ARM\ARMCLANG\Bin
C Compiler:      ArmClang.exe V6.23
Assembler:       Armasm.exe V6.23
Linker/Locator:  ArmLink.exe V6.23
Library Manager: ArmAr.exe V6.23
Hex Converter:   FromElf.exe V6.23
CPU DLL:         SARMCM3.DLL V5.42.0.0
Dialog DLL:      DCM.DLL V1.17.5.0
Target DLL:      STLink\ST-LINKIII-KEIL_SWO.dll V3.3.0.0
Dialog DLL:      TCM.DLL V1.56.6.0
 
<h2>Project:</h2>
E:\GitHub\DM02_motorDrive\dm02_motor\MDK-ARM\dm02_motor.uvprojx
Project File Date:  03/19/2026

<h2>Output:</h2>
*** Using Compiler 'V6.23', folder: 'E:\keil5\ARM\ARMCLANG\Bin'
Rebuild target 'dm02_motor'
assembling startup_stm32h723xx.s...
compiling adc.c...
compiling dma.c...
compiling stm32h7xx_hal.c...
compiling main.c...
compiling gpio.c...
compiling fdcan.c...
compiling usb_device.c...
compiling bdma.c...
compiling stm32h7xx_hal_pwr_ex.c...
compiling stm32h7xx_it.c...
compiling stm32h7xx_hal_pcd_ex.c...
compiling usbd_desc.c...
compiling stm32h7xx_hal_dma.c...
compiling stm32h7xx_hal_hsem.c...
compiling stm32h7xx_hal_rcc_ex.c...
compiling stm32h7xx_hal_pwr.c...
compiling tim.c...
compiling stm32h7xx_hal_gpio.c...
compiling stm32h7xx_hal_cortex.c...
compiling stm32h7xx_hal_flash.c...
compiling stm32h7xx_hal_msp.c...
compiling usbd_cdc_if.c...
compiling spi.c...
compiling stm32h7xx_hal_flash_ex.c...
compiling stm32h7xx_ll_usb.c...
compiling stm32h7xx_hal_mdma.c...
compiling stm32h7xx_hal_i2c_ex.c...
compiling stm32h7xx_hal_rcc.c...
compiling usbd_conf.c...
compiling usart.c...
compiling stm32h7xx_hal_exti.c...
compiling stm32h7xx_hal_dma_ex.c...
compiling stm32h7xx_hal_pcd.c...
compiling stm32h7xx_hal_adc_ex.c...
compiling stm32h7xx_hal_adc.c...
compiling stm32h7xx_hal_spi_ex.c...
compiling stm32h7xx_hal_fdcan.c...
compiling stm32h7xx_hal_spi.c...
compiling stm32h7xx_hal_i2c.c...
compiling stm32h7xx_hal_tim_ex.c...
compiling system_stm32h7xx.c...
compiling stm32h7xx_hal_uart_ex.c...
compiling usbd_core.c...
compiling usbd_ctlreq.c...
compiling usbd_ioreq.c...
compiling stm32h7xx_hal_tim.c...
compiling stm32h7xx_hal_uart.c...
compiling usbd_cdc.c...
compiling alg_slope.cpp...
compiling alg_pid.cpp...
compiling math_support.cpp...
compiling bsp_fdcan.cpp...
compiling bsp_RS485.cpp...
compiling motor_YS.cpp...
../User_File/motor/motor_LZ/motor_LZ.cpp(33): warning: 4 enumeration values not handled in switch: 'MOTOR_LZ_00', 'MOTOR_LZ_01', 'MOTOR_LZ_03'... [-Wswitch]
   33 |     switch (model)
      |             ^~~~~
1 warning generated.
compiling motor_LZ.cpp...
compiling motor_DM.cpp...
compiling motor_DJ.cpp...
compiling motor_task.cpp...
linking...
Program Size: Code=101092 RO-data=2024 RW-data=356 ZI-data=36752  
FromELF: creating hex file...
"dm02_motor\dm02_motor.axf" - 0 Error(s), 1 Warning(s).

<h2>Software Packages used:</h2>

Package Vendor: ARM
                https://www.keil.com/pack/ARM.CMSIS.6.1.0.pack
                ARM::CMSIS@6.1.0
                CMSIS (Common Microcontroller Software Interface Standard)
   * Component: CORE Version: 6.1.0

Package Vendor: Keil
                https://www.keil.com/pack/Keil.STM32H7xx_DFP.4.1.0.pack
                Keil::STM32H7xx_DFP@4.1.0
                STMicroelectronics STM32H7 Series Device Support

<h2>Collection of Component include folders:</h2>
  ./RTE/_dm02_motor
  E:/keil5/ARM/PACK/ARM/CMSIS/6.1.0/CMSIS/Core/Include

<h2>Collection of Component Files used:</h2>

   * Component: ARM::CMSIS:CORE@6.1.0
      Include file:  CMSIS/Core/Include/tz_context.h
Build Time Elapsed:  00:00:05
</pre>
</body>
</html>
